Archive member included to satisfy reference by file (symbol)

/opt/st/stm32cubeide_1.19.0/plugins/com.st.stm32cube.ide.mcu.externaltools.gnu-tools-for-stm32.13.3.rel1.linux64_1.0.0.202410170706/tools/bin/../lib/gcc/arm-none-eabi/13.3.1/../../../../arm-none-eabi/lib/thumb/v7e-m+fp/hard/libc_nano.a(libc_a-exit.o)
                              /opt/st/stm32cubeide_1.19.0/plugins/com.st.stm32cube.ide.mcu.externaltools.gnu-tools-for-stm32.13.3.rel1.linux64_1.0.0.202410170706/tools/bin/../lib/gcc/arm-none-eabi/13.3.1/../../../../arm-none-eabi/lib/thumb/v7e-m+fp/hard/crt0.o (exit)
/opt/st/stm32cubeide_1.19.0/plugins/com.st.stm32cube.ide.mcu.externaltools.gnu-tools-for-stm32.13.3.rel1.linux64_1.0.0.202410170706/tools/bin/../lib/gcc/arm-none-eabi/13.3.1/../../../../arm-none-eabi/lib/thumb/v7e-m+fp/hard/libc_nano.a(libc_a-rand.o)
                              ./Core/Src/main.o (rand)
/opt/st/stm32cubeide_1.19.0/plugins/com.st.stm32cube.ide.mcu.externaltools.gnu-tools-for-stm32.13.3.rel1.linux64_1.0.0.202410170706/tools/bin/../lib/gcc/arm-none-eabi/13.3.1/../../../../arm-none-eabi/lib/thumb/v7e-m+fp/hard/libc_nano.a(libc_a-findfp.o)
                              /opt/st/stm32cubeide_1.19.0/plugins/com.st.stm32cube.ide.mcu.externaltools.gnu-tools-for-stm32.13.3.rel1.linux64_1.0.0.202410170706/tools/bin/../lib/gcc/arm-none-eabi/13.3.1/../../../../arm-none-eabi/lib/thumb/v7e-m+fp/hard/libc_nano.a(libc_a-exit.o) (__stdio_exit_handler)
/opt/st/stm32cubeide_1.19.0/plugins/com.st.stm32cube.ide.mcu.externaltools.gnu-tools-for-stm32.13.3.rel1.linux64_1.0.0.202410170706/tools/bin/../lib/gcc/arm-none-eabi/13.3.1/../../../../arm-none-eabi/lib/thumb/v7e-m+fp/hard/libc_nano.a(libc_a-fwalk.o)
                              /opt/st/stm32cubeide_1.19.0/plugins/com.st.stm32cube.ide.mcu.externaltools.gnu-tools-for-stm32.13.3.rel1.linux64_1.0.0.202410170706/tools/bin/../lib/gcc/arm-none-eabi/13.3.1/../../../../arm-none-eabi/lib/thumb/v7e-m+fp/hard/libc_nano.a(libc_a-findfp.o) (_fwalk_sglue)
/opt/st/stm32cubeide_1.19.0/plugins/com.st.stm32cube.ide.mcu.externaltools.gnu-tools-for-stm32.13.3.rel1.linux64_1.0.0.202410170706/tools/bin/../lib/gcc/arm-none-eabi/13.3.1/../../../../arm-none-eabi/lib/thumb/v7e-m+fp/hard/libc_nano.a(libc_a-stdio.o)
                              /opt/st/stm32cubeide_1.19.0/plugins/com.st.stm32cube.ide.mcu.externaltools.gnu-tools-for-stm32.13.3.rel1.linux64_1.0.0.202410170706/tools/bin/../lib/gcc/arm-none-eabi/13.3.1/../../../../arm-none-eabi/lib/thumb/v7e-m+fp/hard/libc_nano.a(libc_a-findfp.o) (__sread)
/opt/st/stm32cubeide_1.19.0/plugins/com.st.stm32cube.ide.mcu.externaltools.gnu-tools-for-stm32.13.3.rel1.linux64_1.0.0.202410170706/tools/bin/../lib/gcc/arm-none-eabi/13.3.1/../../../../arm-none-eabi/lib/thumb/v7e-m+fp/hard/libc_nano.a(libc_a-memset.o)
                              /opt/st/stm32cubeide_1.19.0/plugins/com.st.stm32cube.ide.mcu.externaltools.gnu-tools-for-stm32.13.3.rel1.linux64_1.0.0.202410170706/tools/bin/../lib/gcc/arm-none-eabi/13.3.1/../../../../arm-none-eabi/lib/thumb/v7e-m+fp/hard/crt0.o (memset)
/opt/st/stm32cubeide_1.19.0/plugins/com.st.stm32cube.ide.mcu.externaltools.gnu-tools-for-stm32.13.3.rel1.linux64_1.0.0.202410170706/tools/bin/../lib/gcc/arm-none-eabi/13.3.1/../../../../arm-none-eabi/lib/thumb/v7e-m+fp/hard/libc_nano.a(libc_a-strncmp.o)
                              ./USB_DEVICE/App/usbd_custom_bulk_if.o (strncmp)
/opt/st/stm32cubeide_1.19.0/plugins/com.st.stm32cube.ide.mcu.externaltools.gnu-tools-for-stm32.13.3.rel1.linux64_1.0.0.202410170706/tools/bin/../lib/gcc/arm-none-eabi/13.3.1/../../../../arm-none-eabi/lib/thumb/v7e-m+fp/hard/libc_nano.a(libc_a-closer.o)
                              /opt/st/stm32cubeide_1.19.0/plugins/com.st.stm32cube.ide.mcu.externaltools.gnu-tools-for-stm32.13.3.rel1.linux64_1.0.0.202410170706/tools/bin/../lib/gcc/arm-none-eabi/13.3.1/../../../../arm-none-eabi/lib/thumb/v7e-m+fp/hard/libc_nano.a(libc_a-stdio.o) (_close_r)
/opt/st/stm32cubeide_1.19.0/plugins/com.st.stm32cube.ide.mcu.externaltools.gnu-tools-for-stm32.13.3.rel1.linux64_1.0.0.202410170706/tools/bin/../lib/gcc/arm-none-eabi/13.3.1/../../../../arm-none-eabi/lib/thumb/v7e-m+fp/hard/libc_nano.a(libc_a-reent.o)
                              /opt/st/stm32cubeide_1.19.0/plugins/com.st.stm32cube.ide.mcu.externaltools.gnu-tools-for-stm32.13.3.rel1.linux64_1.0.0.202410170706/tools/bin/../lib/gcc/arm-none-eabi/13.3.1/../../../../arm-none-eabi/lib/thumb/v7e-m+fp/hard/libc_nano.a(libc_a-closer.o) (errno)
/opt/st/stm32cubeide_1.19.0/plugins/com.st.stm32cube.ide.mcu.externaltools.gnu-tools-for-stm32.13.3.rel1.linux64_1.0.0.202410170706/tools/bin/../lib/gcc/arm-none-eabi/13.3.1/../../../../arm-none-eabi/lib/thumb/v7e-m+fp/hard/libc_nano.a(libc_a-impure.o)
[...]
Memory Configuration

Name             Origin             Length             Attributes
RAM              0x20000000         0x00010000         xrw
FLASH            0x08000000         0x00040000         xr
*default*        0x00000000         0xffffffff

Linker script and memory map

LOAD /opt/st/stm32cubeide_1.19.0/plugins/com.st.stm32cube.ide.mcu.externaltools.gnu-tools-for-stm32.13.3.rel1.linux64_1.0.0.202410170706/tools/bin/../lib/gcc/arm-none-eabi/13.3.1/thumb/v7e-m+fp/hard/crti.o
LOAD /opt/st/stm32cubeide_1.19.0/plugins/com.st.stm32cube.ide.mcu.externaltools.gnu-tools-for-stm32.13.3.rel1.linux64_1.0.0.202410170706/tools/bin/../lib/gcc/arm-none-eabi/13.3.1/thumb/v7e-m+fp/hard/crtbegin.o
LOAD /opt/st/stm32cubeide_1.19.0/plugins/com.st.stm32cube.ide.mcu.externaltools.gnu-tools-for-stm32.13.3.rel1.linux64_1.0.0.202410170706/tools/bin/../lib/gcc/arm-none-eabi/13.3.1/../../../../arm-none-eabi/lib/thumb/v7e-m+fp/hard/crt0.o
LOAD ./Core/Src/freertos.o
LOAD ./Core/Src/main.o
LOAD ./Core/Src/stm32f4xx_hal_msp.o
LOAD ./Core/Src/stm32f4xx_it.o
LOAD ./Core/Src/syscalls.o
LOAD ./Core/Src/sysmem.o
LOAD ./Core/Src/system_stm32f4xx.o
LOAD ./Core/Startup/startup_stm32f401ccux.o
LOAD ./Drivers/STM32F4xx_HAL_Driver/Src/stm32f4xx_hal.o
LOAD ./Drivers/STM32F4xx_HAL_Driver/Src/stm32f4xx_hal_cortex.o
LOAD ./Drivers/STM32F4xx_HAL_Driver/Src/stm32f4xx_hal_dma.o
LOAD ./Drivers/STM32F4xx_HAL_Driver/Src/stm32f4xx_hal_dma_ex.o
LOAD ./Drivers/STM32F4xx_HAL_Driver/Src/stm32f4xx_hal_exti.o
LOAD ./Drivers/STM32F4xx_HAL_Driver/Src/stm32f4xx_hal_flash.o
LOAD ./Drivers/STM32F4xx_HAL_Driver/Src/stm32f4xx_hal_flash_ex.o
LOAD ./Drivers/STM32F4xx_HAL_Driver/Src/stm32f4xx_hal_flash_ramfunc.o
LOAD ./Drivers/STM32F4xx_HAL_Driver/Src/stm32f4xx_hal_gpio.o
LOAD ./Drivers/STM32F4xx_HAL_Driver/Src/stm32f4xx_hal_pcd.o
LOAD ./Drivers/STM32F4xx_HAL_Driver/Src/stm32f4xx_hal_pcd_ex.o
LOAD ./Drivers/STM32F4xx_HAL_Driver/Src/stm32f4xx_hal_pwr.o
LOAD ./Drivers/STM32F4xx_HAL_Driver/Src/stm32f4xx_hal_pwr_ex.o
LOAD ./Drivers/STM32F4xx_HAL_Driver/Src/stm32f4xx_hal_rcc.o
LOAD ./Drivers/STM32F4xx_HAL_Driver/Src/stm32f4xx_hal_rcc_ex.o
LOAD ./Drivers/STM32F4xx_HAL_Driver/Src/stm32f4xx_ll_usb.o
LOAD ./Middlewares/ST/STM32_USB_Device_Library/Class/CustomHID/Src/usbd_customhid.o
LOAD ./Middlewares/ST/STM32_USB_Device_Library/Core/Src/usbd_core.o
LOAD ./Middlewares/ST/STM32_USB_Device_Library/Core/Src/usbd_ctlreq.o
LOAD ./Middlewares/ST/STM32_USB_Device_Library/Core/Src/usbd_ioreq.o
LOAD ./Middlewares/Third_Party/FreeRTOS/Source/CMSIS_RTOS/cmsis_os.o
LOAD ./Middlewares/Third_Party/FreeRTOS/Source/croutine.o
LOAD ./Middlewares/Third_Party/FreeRTOS/Source/event_groups.o
LOAD ./Middlewares/Third_Party/FreeRTOS/Source/list.o
LOAD ./Middlewares/Third_Party/FreeRTOS/Source/queue.o
LOAD ./Middlewares/Third_Party/FreeRTOS/Source/stream_buffer.o
LOAD ./Middlewares/Third_Party/FreeRTOS/Source/tasks.o
LOAD ./Middlewares/Third_Party/FreeRTOS/Source/timers.o
LOAD ./Middlewares/Third_Party/FreeRTOS/Source/portable/GCC/ARM_CM4F/port.o
LOAD ./Middlewares/Third_Party/FreeRTOS/Source/portable/MemMang/heap_4.o
LOAD ./USB_DEVICE/App/usb_device.o
LOAD ./USB_DEVICE/App/usbd_custom_bulk.o
LOAD ./USB_DEVICE/App/usbd_custom_bulk_if.o
LOAD ./USB_DEVICE/App/usbd_desc.o
LOAD ./USB_DEVICE/Target/usbd_conf.o
START GROUP
LOAD /opt/st/stm32cubeide_1.19.0/plugins/com.st.stm32cube.ide.mcu.externaltools.gnu-tools-for-stm32.13.3.rel1.linux64_1.0.0.202410170706/tools/bin/../lib/gcc/arm-none-eabi/13.3.1/../../../../arm-none-eabi/lib/thumb/v7e-m+fp/hard/libc_nano.a
LOAD /opt/st/stm32cubeide_1.19.0/plugins/com.st.stm32cube.ide.mcu.externaltools.gnu-tools-for-stm32.13.3.rel1.linux64_1.0.0.202410170706/tools/bin/../lib/gcc/arm-none-eabi/13.3.1/../../../../arm-none-eabi/lib/thumb/v7e-m+fp/hard/libm.a
END GROUP
START GROUP
LOAD /opt/st/stm32cubeide_1.19.0/plugins/com.st.stm32cube.ide.mcu.externaltools.gnu-tools-for-stm32.13.3.rel1.linux64_1.0.0.202410170706/tools/bin/../lib/gcc/arm-none-eabi/13.3.1/thumb/v7e-m+fp/hard/libgcc.a
LOAD /opt/st/stm32cubeide_1.19.0/plugins/com.st.stm32cube.ide.mcu.externaltools.gnu-tools-for-stm32.13.3.rel1.linux64_1.0.0.202410170706/tools/bin/../lib/gcc/arm-none-eabi/13.3.1/../../../../arm-none-eabi/lib/thumb/v7e-m+fp/hard/libc_nano.a
END GROUP
START GROUP
LOAD /opt/st/stm32cubeide_1.19.0/plugins/com.st.stm32cube.ide.mcu.externaltools.gnu-tools-for-stm32.13.3.rel1.linux64_1.0.0.202410170706/tools/bin/../lib/gcc/arm-none-eabi/13.3.1/thumb/v7e-m+fp/hard/libgcc.a
LOAD /opt/st/stm32cubeide_1.19.0/plugins/com.st.stm32cube.ide.mcu.externaltools.gnu-tools-for-stm32.13.3.rel1.linux64_1.0.0.202410170706/tools/bin/../lib/gcc/arm-none-eabi/13.3.1/../../../../arm-none-eabi/lib/thumb/v7e-m+fp/hard/libc_nano.a
LOAD /opt/st/stm32cubeide_1.19.0/plugins/com.st.stm32cube.ide.mcu.externaltools.gnu-tools-for-stm32.13.3.rel1.linux64_1.0.0.202410170706/tools/bin/../lib/gcc/arm-none-eabi/13.3.1/../../../../arm-none-eabi/lib/thumb/v7e-m+fp/hard/libnosys.a
END GROUP
START GROUP
LOAD /opt/st/stm32cubeide_1.19.0/plugins/com.st.stm32cube.ide.mcu.externaltools.gnu-tools-for-stm32.13.3.rel1.linux64_1.0.0.202410170706/tools/bin/../lib/gcc/arm-none-eabi/13.3.1/thumb/v7e-m+fp/hard/libgcc.a
LOAD /opt/st/stm32cubeide_1.19.0/plugins/com.st.stm32cube.ide.mcu.externaltools.gnu-tools-for-stm32.13.3.rel1.linux64_1.0.0.202410170706/tools/bin/../lib/gcc/arm-none-eabi/13.3.1/../../../../arm-none-eabi/lib/thumb/v7e-m+fp/hard/libc_nano.a
LOAD /opt/st/stm32cubeide_1.19.0/plugins/com.st.stm32cube.ide.mcu.externaltools.gnu-tools-for-stm32.13.3.rel1.linux64_1.0.0.202410170706/tools/bin/../lib/gcc/arm-none-eabi/13.3.1/../../../../arm-none-eabi/lib/thumb/v7e-m+fp/hard/libnosys.a
END GROUP
LOAD /opt/st/stm32cubeide_1.19.0/plugins/com.st.stm32cube.ide.mcu.externaltools.gnu-tools-for-stm32.13.3.rel1.linux64_1.0.0.202410170706/tools/bin/../lib/gcc/arm-none-eabi/13.3.1/thumb/v7e-m+fp/hard/crtend.o
LOAD /opt/st/stm32cubeide_1.19.0/plugins/com.st.stm32cube.ide.mcu.externaltools.gnu-tools-for-stm32.13.3.rel1.linux64_1.0.0.202410170706/tools/bin/../lib/gcc/arm-none-eabi/13.3.1/thumb/v7e-m+fp/hard/crtn.o
                0x20010000                        _estack = (ORIGIN (RAM) + LENGTH (RAM))
                0x00000200                        _Min_Heap_Size = 0x200
                0x00000400                        _Min_Stack_Size = 0x400

.isr_vector     0x08000000      0x194
                0x08000000                        . = ALIGN (0x4)
 *(.isr_vector)
 .isr_vector    0x08000000      0x194 ./Core/Startup/startup_stm32f401ccux.o
                0x08000000                g_pfnVectors
                0x08000194                        . = ALIGN (0x4)

.text           0x080001a0     0xa96c
                0x080001a0                        . = ALIGN (0x4)
 *(.text)
 .text          0x080001a0       0x40 /opt/st/stm32cubeide_1.19.0/plugins/com.st.stm32cube.ide.mcu.externaltools.gnu-tools-for-stm32.13.3.rel1.linux64_1.0.0.202410170706/tools/bin/../lib/gcc/arm-none-eabi/13.3.1/thumb/v7e-m+fp/hard/crtbegin.o
 .text          0x080001e0       0xa0 /opt/st/stm32cubeide_1.19.0/plugins/com.st.stm32cube.ide.mcu.externaltools.gnu-tools-for-stm32.13.3.rel1.linux64_1.0.0.202410170706/tools/bin/../lib/gcc/arm-none-eabi/13.3.1/../../../../arm-none-eabi/lib/thumb/v7e-m+fp/hard/libc_nano.a(libc_a-memchr.o)
                0x080001e0                memchr
 .text          0x08000280      0x378 /opt/st/stm32cubeide_1.19.0/plugins/com.st.stm32cube.ide.mcu.externaltools.gnu-tools-for-stm32.13.3.rel1.linux64_1.0.0.202410170706/tools/bin/../lib/gcc/arm-none-eabi/13.3.1/thumb/v7e-m+fp/hard/libgcc.a(_arm_addsubdf3.o)
                0x08000280                __aeabi_drsub
                0x08000288                __aeabi_dsub
                0x08000288                __subdf3
                0x0800028c                __adddf3
                0x0800028c                __aeabi_dadd
                0x08000504                __aeabi_ui2d
                0x08000504                __floatunsidf
                0x08000524                __floatsidf
                0x08000524                __aeabi_i2d
                0x08000548                __extendsfdf2
                0x08000548                __aeabi_f2d
                0x0800058c                __aeabi_ul2d
                0x0800058c                __floatundidf
                0x0800059c                __floatdidf
                0x0800059c                __aeabi_l2d
 .text          0x080005f8      0x424 /opt/st/stm32cubeide_1.19.0/plugins/com.st.stm32cube.ide.mcu.externaltools.gnu-tools-for-stm32.13.3.rel1.linux64_1.0.0.202410170706/tools/bin/../lib/gcc/arm-none-eabi/13.3.1/thumb/v7e-m+fp/hard/libgcc.a(_arm_muldivdf3.o)
                0x080005f8                __aeabi_dmul
                0x080005f8                __muldf3
                0x0800084c                __aeabi_ddiv
                0x0800084c                __divdf3
 .text          0x08000a1c      0x110 /opt/st/stm32cubeide_1.19.0/plugins/com.st.stm32cube.ide.mcu.externaltools.gnu-tools-for-stm32.13.3.rel1.linux64_1.0.0.202410170706/tools/bin/../lib/gcc/arm-none-eabi/13.3.1/thumb/v7e-m+fp/hard/libgcc.a(_arm_cmpdf2.o)
                0x08000a1c                __gtdf2
                0x08000a1c                __gedf2
                0x08000a24                __ltdf2
                0x08000a24                __ledf2
                0x08000a2c                __cmpdf2
                0x08000a2c                __eqdf2
                0x08000a2c                __nedf2
                0x08000aa8                __aeabi_cdrcmple
                0x08000ab8                __aeabi_cdcmple
                0x08000ab8                __aeabi_cdcmpeq
                0x08000ac8                __aeabi_dcmpeq
                0x08000adc                __aeabi_dcmplt
                0x08000af0                __aeabi_dcmple
                0x08000b04                __aeabi_dcmpge
                0x08000b18                __aeabi_dcmpgt
 .text          0x08000b2c       0xa0 /opt/st/stm32cubeide_1.19.0/plugins/com.st.stm32cube.ide.mcu.externaltools.gnu-tools-for-stm32.13.3.rel1.linux64_1.0.0.202410170706/tools/bin/../lib/gcc/arm-none-eabi/13.3.1/thumb/v7e-m+fp/hard/libgcc.a(_arm_truncdfsf2.o)
                0x08000b2c                __aeabi_d2f
                0x08000b2c                __truncdfsf2
 .text          0x08000bcc       0x30 /opt/st/stm32cubeide_1.19.0/plugins/com.st.stm32cube.ide.mcu.externaltools.gnu-tools-for-stm32.13.3.rel1.linux64_1.0.0.202410170706/tools/bin/../lib/gcc/arm-none-eabi/13.3.1/thumb/v7e-m+fp/hard/libgcc.a(_aeabi_uldivmod.o)
                0x08000bcc                __aeabi_uldivmod
 .text          0x08000bfc      0x2f8 /opt/st/stm32cubeide_1.19.0/plugins/com.st.stm32cube.ide.mcu.externaltools.gnu-tools-for-stm32.13.3.rel1.linux64_1.0.0.202410170706/tools/bin/../lib/gcc/arm-none-eabi/13.3.1/thumb/v7e-m+fp/hard/libgcc.a(_udivmoddi4.o)
                0x08000bfc                __udivmoddi4
 .text          0x08000ef4        0x4 /opt/st/stm32cubeide_1.19.0/plugins/com.st.stm32cube.ide.mcu.externaltools.gnu-tools-for-stm32.13.3.rel1.linux64_1.0.0.202410170706/tools/bin/../lib/gcc/arm-none-eabi/13.3.1/thumb/v7e-m+fp/hard/libgcc.a(_dvmd_tls.o)
                0x08000ef4                __aeabi_ldiv0
                0x08000ef4                __aeabi_idiv0
 *(.text*)
 .text.vApplicationGetIdleTaskMemory
                0x08000ef8       0x34 ./Core/Src/freertos.o
                0x08000ef8                vApplicationGetIdleTaskMemory
 *fill*         0x08000f2c        0x4 
 .text.generateSignal
                0x08000f30      0x2b4 ./Core/Src/main.o
                0x08000f30                generateSignal
 .text.main     0x080011e4       0x44 ./Core/Src/main.o
                0x080011e4                main
 .text.StartStreamTask
                0x08001228       0x60 ./Core/Src/main.o
                0x08001228                StartStreamTask
 .text.SystemClock_Config
                0x08001288       0xd8 ./Core/Src/main.o
                0x08001288                SystemClock_Config
 .text.MX_GPIO_Init
                0x08001360       0xa4 ./Core/Src/main.o
 .text.Error_Handler
                0x08001404        0xc ./Core/Src/main.o
                0x08001404                Error_Handler
 .text.HAL_MspInit
                0x08001410       0x58 ./Core/Src/stm32f4xx_hal_msp.o
                0x08001410                HAL_MspInit
 .text.NMI_Handler
                0x08001468        0x8 ./Core/Src/stm32f4xx_it.o
                0x08001468                NMI_Handler
 .text.HardFault_Handler
                0x08001470        0x8 ./Core/Src/stm32f4xx_it.o
                0x08001470                HardFault_Handler
 .text.MemManage_Handler
                0x08001478        0x8 ./Core/Src/stm32f4xx_it.o
                0x08001478                MemManage_Handler
 .text.BusFault_Handler
                0x08001480        0x8 ./Core/Src/stm32f4xx_it.o
                0x08001480                BusFault_Handler
 .text.UsageFault_Handler
                0x08001488        0x8 ./Core/Src/stm32f4xx_it.o
                0x08001488                UsageFault_Handler
 .text.DebugMon_Handler
                0x08001490        0xe ./Core/Src/stm32f4xx_it.o
                0x08001490                DebugMon_Handler
 .text.SysTick_Handler
                0x0800149e       0x1a ./Core/Src/stm32f4xx_it.o
                0x0800149e                SysTick_Handler
 .text.OTG_FS_IRQHandler
                0x080014b8       0x14 ./Core/Src/stm32f4xx_it.o
                0x080014b8                OTG_FS_IRQHandler
 .text._getpid  0x080014cc       0x10 ./Core/Src/syscalls.o
                0x080014cc                _getpid
 .text._kill    0x080014dc       0x20 ./Core/Src/syscalls.o
                0x080014dc                _kill
 .text._exit    0x080014fc       0x16 ./Core/Src/syscalls.o
                0x080014fc                _exit
 .text._read    0x08001512       0x3a ./Core/Src/syscalls.o
                0x08001512                _read
 .text._write   0x0800154c       0x38 ./Core/Src/syscalls.o
                0x0800154c                _write
 .text._close   0x08001584       0x18 ./Core/Src/syscalls.o
                0x08001584                _close
 .text._fstat   0x0800159c       0x20 ./Core/Src/syscalls.o
                0x0800159c                _fstat
 .text._isatty  0x080015bc       0x16 ./Core/Src/syscalls.o
                0x080015bc                _isatty
 .text._lseek   0x080015d2       0x1a ./Core/Src/syscalls.o
                0x080015d2                _lseek
 .text._sbrk    0x080015ec       0x6c ./Core/Src/sysmem.o
                0x080015ec                _sbrk
 .text.SystemInit
                0x08001658       0x24 ./Core/Src/system_stm32f4xx.o
                0x08001658                SystemInit
 .text.Reset_Handler
                0x0800167c       0x50 ./Core/Startup/startup_stm32f401ccux.o
                0x0800167c                Reset_Handler
 .text.Default_Handler
                0x080016cc        0x2 ./Core/Startup/startup_stm32f401ccux.o
                0x080016cc                RTC_Alarm_IRQHandler
                0x080016cc                EXTI2_IRQHandler
                0x080016cc                SPI4_IRQHandler
                0x080016cc                TIM1_CC_IRQHandler
                0x080016cc                DMA2_Stream5_IRQHandler
                0x080016cc                DMA1_Stream5_IRQHandler
                0x080016cc                PVD_IRQHandler
                0x080016cc                SDIO_IRQHandler
                0x080016cc                TAMP_STAMP_IRQHandler
                0x080016cc                EXTI3_IRQHandler
                0x080016cc                TIM1_UP_TIM10_IRQHandler
                0x080016cc                I2C3_ER_IRQHandler
                0x080016cc                EXTI0_IRQHandler
                0x080016cc                I2C2_EV_IRQHandler
                0x080016cc                DMA1_Stream2_IRQHandler
                0x080016cc                FPU_IRQHandler
                0x080016cc                DMA2_Stream2_IRQHandler
                0x080016cc                SPI1_IRQHandler
                0x080016cc                TIM1_BRK_TIM9_IRQHandler
                0x080016cc                DMA2_Stream3_IRQHandler
                0x080016cc                USART6_IRQHandler
                0x080016cc                DMA2_Stream0_IRQHandler
                0x080016cc                TIM4_IRQHandler
                0x080016cc                I2C1_EV_IRQHandler
                0x080016cc                DMA1_Stream6_IRQHandler
                0x080016cc                DMA1_Stream1_IRQHandler
                0x080016cc                TIM3_IRQHandler
                0x080016cc                RCC_IRQHandler
                0x080016cc                Default_Handler
                0x080016cc                EXTI15_10_IRQHandler
                0x080016cc                ADC_IRQHandler
                0x080016cc                DMA1_Stream7_IRQHandler
                0x080016cc                TIM5_IRQHandler
                0x080016cc                DMA2_Stream7_IRQHandler
                0x080016cc                I2C3_EV_IRQHandler
                0x080016cc                EXTI9_5_IRQHandler
                0x080016cc                RTC_WKUP_IRQHandler
                0x080016cc                SPI2_IRQHandler
                0x080016cc                DMA1_Stream0_IRQHandler
                0x080016cc                EXTI4_IRQHandler
                0x080016cc                WWDG_IRQHandler
                0x080016cc                TIM2_IRQHandler
                0x080016cc                OTG_FS_WKUP_IRQHandler
                0x080016cc                TIM1_TRG_COM_TIM11_IRQHandler
                0x080016cc                EXTI1_IRQHandler
                0x080016cc                USART2_IRQHandler
                0x080016cc                I2C2_ER_IRQHandler
                0x080016cc                DMA2_Stream1_IRQHandler
                0x080016cc                FLASH_IRQHandler
                0x080016cc                DMA2_Stream4_IRQHandler
                0x080016cc                USART1_IRQHandler
                0x080016cc                SPI3_IRQHandler
                0x080016cc                DMA1_Stream4_IRQHandler
                0x080016cc                I2C1_ER_IRQHandler
                0x080016cc                DMA2_Stream6_IRQHandler
                0x080016cc                DMA1_Stream3_IRQHandler
 *fill*         0x080016ce        0x2 
 .text.HAL_Init
                0x080016d0       0x44 ./Drivers/STM32F4xx_HAL_Driver/Src/stm32f4xx_hal.o
                0x080016d0                HAL_Init
 .text.HAL_InitTick
                0x08001714       0x60 ./Drivers/STM32F4xx_HAL_Driver/Src/stm32f4xx_hal.o
                0x08001714                HAL_InitTick
 .text.HAL_IncTick
                0x08001774       0x28 ./Drivers/STM32F4xx_HAL_Driver/Src/stm32f4xx_hal.o
                0x08001774                HAL_IncTick
 .text.HAL_GetTick
                0x0800179c       0x18 ./Drivers/STM32F4xx_HAL_Driver/Src/stm32f4xx_hal.o
                0x0800179c                HAL_GetTick
 .text.HAL_Delay
                0x080017b4       0x48 ./Drivers/STM32F4xx_HAL_Driver/Src/stm32f4xx_hal.o
                0x080017b4                HAL_Delay
 .text.__NVIC_SetPriorityGrouping
                0x080017fc       0x48 ./Drivers/STM32F4xx_HAL_Driver/Src/stm32f4xx_hal_cortex.o
 .text.__NVIC_GetPriorityGrouping
                0x08001844       0x1c ./Drivers/STM32F4xx_HAL_Driver/Src/stm32f4xx_hal_cortex.o
 .text.__NVIC_EnableIRQ
                0x08001860       0x3c ./Drivers/STM32F4xx_HAL_Driver/Src/stm32f4xx_hal_cortex.o
 .text.__NVIC_SetPriority
                0x0800189c       0x54 ./Drivers/STM32F4xx_HAL_Driver/Src/stm32f4xx_hal_cortex.o
 .text.NVIC_EncodePriority
                0x080018f0       0x66 ./Drivers/STM32F4xx_HAL_Driver/Src/stm32f4xx_hal_cortex.o
 *fill*         0x08001956        0x2 
 .text.SysTick_Config
                0x08001958       0x44 ./Drivers/STM32F4xx_HAL_Driver/Src/stm32f4xx_hal_cortex.o
 .text.HAL_NVIC_SetPriorityGrouping
                0x0800199c       0x16 ./Drivers/STM32F4xx_HAL_Driver/Src/stm32f4xx_hal_cortex.o
                0x0800199c                HAL_NVIC_SetPriorityGrouping
 .text.HAL_NVIC_SetPriority
                0x080019b2       0x38 ./Drivers/STM32F4xx_HAL_Driver/Src/stm32f4xx_hal_cortex.o
                0x080019b2                HAL_NVIC_SetPriority
 .text.HAL_NVIC_EnableIRQ
                0x080019ea       0x1c ./Drivers/STM32F4xx_HAL_Driver/Src/stm32f4xx_hal_cortex.o
                0x080019ea                HAL_NVIC_EnableIRQ
 .text.HAL_SYSTICK_Config
                0x08001a06       0x18 ./Drivers/STM32F4xx_HAL_Driver/Src/stm32f4xx_hal_cortex.o
                0x08001a06                HAL_SYSTICK_Config
 *fill*         0x08001a1e        0x2 
 .text.HAL_GPIO_Init
                0x08001a20      0x308 ./Drivers/STM32F4xx_HAL_Driver/Src/stm32f4xx_hal_gpio.o
                0x08001a20                HAL_GPIO_Init
 .text.HAL_GPIO_WritePin
                0x08001d28       0x32 ./Drivers/STM32F4xx_HAL_Driver/Src/stm32f4xx_hal_gpio.o
                0x08001d28                HAL_GPIO_WritePin
 .text.HAL_PCD_Init
                0x08001d5a      0x21e ./Drivers/STM32F4xx_HAL_Driver/Src/stm32f4xx_hal_pcd.o
                0x08001d5a                HAL_PCD_Init
 .text.HAL_PCD_Start
                0x08001f78       0x6a ./Drivers/STM32F4xx_HAL_Driver/Src/stm32f4xx_hal_pcd.o
                0x08001f78                HAL_PCD_Start
 .text.HAL_PCD_IRQHandler
                0x08001fe2      0x942 ./Drivers/STM32F4xx_HAL_Driver/Src/stm32f4xx_hal_pcd.o
                0x08001fe2                HAL_PCD_IRQHandler
 .text.HAL_PCD_SetAddress
                0x08002924       0x48 ./Drivers/STM32F4xx_HAL_Driver/Src/stm32f4xx_hal_pcd.o
                0x08002924                HAL_PCD_SetAddress
 .text.HAL_PCD_EP_Open
                0x0800296c       0xd4 ./Drivers/STM32F4xx_HAL_Driver/Src/stm32f4xx_hal_pcd.o
                0x0800296c                HAL_PCD_EP_Open
 .text.HAL_PCD_EP_Close
                0x08002a40       0x94 ./Drivers/STM32F4xx_HAL_Driver/Src/stm32f4xx_hal_pcd.o
                0x08002a40                HAL_PCD_EP_Close
 .text.HAL_PCD_EP_Receive
                0x08002ad4       0x76 ./Drivers/STM32F4xx_HAL_Driver/Src/stm32f4xx_hal_pcd.o
                0x08002ad4                HAL_PCD_EP_Receive
 .text.HAL_PCD_EP_Transmit
                0x08002b4a       0x74 ./Drivers/STM32F4xx_HAL_Driver/Src/stm32f4xx_hal_pcd.o
                0x08002b4a                HAL_PCD_EP_Transmit
 .text.HAL_PCD_EP_SetStall
                0x08002bbe       0xc6 ./Drivers/STM32F4xx_HAL_Driver/Src/stm32f4xx_hal_pcd.o
                0x08002bbe                HAL_PCD_EP_SetStall
 .text.HAL_PCD_EP_ClrStall
                0x08002c84       0xac ./Drivers/STM32F4xx_HAL_Driver/Src/stm32f4xx_hal_pcd.o
                0x08002c84                HAL_PCD_EP_ClrStall
 .text.HAL_PCD_EP_Abort
                0x08002d30       0x62 ./Drivers/STM32F4xx_HAL_Driver/Src/stm32f4xx_hal_pcd.o
                0x08002d30                HAL_PCD_EP_Abort
 .text.PCD_WriteEmptyTxFifo
                0x08002d92      0x118 ./Drivers/STM32F4xx_HAL_Driver/Src/stm32f4xx_hal_pcd.o
 *fill*         0x08002eaa        0x2 
 .text.PCD_EP_OutXfrComplete_int
                0x08002eac      0x1d0 ./Drivers/STM32F4xx_HAL_Driver/Src/stm32f4xx_hal_pcd.o
 .text.PCD_EP_OutSetupPacket_int
                0x0800307c       0x8c ./Drivers/STM32F4xx_HAL_Driver/Src/stm32f4xx_hal_pcd.o
 .text.HAL_PCDEx_SetTxFiFo
                0x08003108       0x8e ./Drivers/STM32F4xx_HAL_Driver/Src/stm32f4xx_hal_pcd_ex.o
                0x08003108                HAL_PCDEx_SetTxFiFo
 .text.HAL_PCDEx_SetRxFiFo
                0x08003196       0x22 ./Drivers/STM32F4xx_HAL_Driver/Src/stm32f4xx_hal_pcd_ex.o
                0x08003196                HAL_PCDEx_SetRxFiFo
 .text.HAL_PCDEx_LPM_Callback
                0x080031b8       0x18 ./Drivers/STM32F4xx_HAL_Driver/Src/stm32f4xx_hal_pcd_ex.o
                0x080031b8                HAL_PCDEx_LPM_Callback
 .text.HAL_RCC_OscConfig
                0x080031d0      0x4f0 ./Drivers/STM32F4xx_HAL_Driver/Src/stm32f4xx_hal_rcc.o
                0x080031d0                HAL_RCC_OscConfig
 .text.HAL_RCC_ClockConfig
                0x080036c0      0x1cc ./Drivers/STM32F4xx_HAL_Driver/Src/stm32f4xx_hal_rcc.o
                0x080036c0                HAL_RCC_ClockConfig
 .text.HAL_RCC_GetSysClockFreq
                0x0800388c      0x18c ./Drivers/STM32F4xx_HAL_Driver/Src/stm32f4xx_hal_rcc.o
                0x0800388c                HAL_RCC_GetSysClockFreq
 .text.HAL_RCC_GetHCLKFreq
                0x08003a18       0x18 ./Drivers/STM32F4xx_HAL_Driver/Src/stm32f4xx_hal_rcc.o
                0x08003a18                HAL_RCC_GetHCLKFreq
 .text.USB_CoreInit
                0x08003a30       0xc8 ./Drivers/STM32F4xx_HAL_Driver/Src/stm32f4xx_ll_usb.o
                0x08003a30                USB_CoreInit
 .text.USB_SetTurnaroundTime
                0x08003af8      0x144 ./Drivers/STM32F4xx_HAL_Driver/Src/stm32f4xx_ll_usb.o
                0x08003af8                USB_SetTurnaroundTime
 .text.USB_EnableGlobalInt
                0x08003c3c       0x22 ./Drivers/STM32F4xx_HAL_Driver/Src/stm32f4xx_ll_usb.o
                0x08003c3c                USB_EnableGlobalInt
 .text.USB_DisableGlobalInt
                0x08003c5e       0x22 ./Drivers/STM32F4xx_HAL_Driver/Src/stm32f4xx_ll_usb.o
                0x08003c5e                USB_DisableGlobalInt
 .text.USB_SetCurrentMode
                0x08003c80       0x98 ./Drivers/STM32F4xx_HAL_Driver/Src/stm32f4xx_ll_usb.o
                0x08003c80                USB_SetCurrentMode
 .text.USB_DevInit
                0x08003d18      0x2c8 ./Drivers/STM32F4xx_HAL_Driver/Src/stm32f4xx_ll_usb.o
                0x08003d18                USB_DevInit
 .text.USB_FlushTxFifo
                0x08003fe0       0x64 ./Drivers/STM32F4xx_HAL_Driver/Src/stm32f4xx_ll_usb.o
                0x08003fe0                USB_FlushTxFifo
 .text.USB_FlushRxFifo
                0x08004044       0x5c ./Drivers/STM32F4xx_HAL_Driver/Src/stm32f4xx_ll_usb.o
                0x08004044                USB_FlushRxFifo
 .text.USB_SetDevSpeed
                0x080040a0       0x32 ./Drivers/STM32F4xx_HAL_Driver/Src/stm32f4xx_ll_usb.o
                0x080040a0                USB_SetDevSpeed
 .text.USB_GetDevSpeed
                0x080040d2       0x4a ./Drivers/STM32F4xx_HAL_Driver/Src/stm32f4xx_ll_usb.o
                0x080040d2                USB_GetDevSpeed
 .text.USB_ActivateEndpoint
                0x0800411c      0x10e ./Drivers/STM32F4xx_HAL_Driver/Src/stm32f4xx_ll_usb.o
                0x0800411c                USB_ActivateEndpoint
 *fill*         0x0800422a        0x2 
 .text.USB_DeactivateEndpoint
                0x0800422c      0x1b8 ./Drivers/STM32F4xx_HAL_Driver/Src/stm32f4xx_ll_usb.o
                0x0800422c                USB_DeactivateEndpoint
 .text.USB_EPStartXfer
                0x080043e4      0x53c ./Drivers/STM32F4xx_HAL_Driver/Src/stm32f4xx_ll_usb.o
                0x080043e4                USB_EPStartXfer
 .text.USB_EPStopXfer
                0x08004920      0x154 ./Drivers/STM32F4xx_HAL_Driver/Src/stm32f4xx_ll_usb.o
                0x08004920                USB_EPStopXfer
 .text.USB_WritePacket
                0x08004a74       0x7c ./Drivers/STM32F4xx_HAL_Driver/Src/stm32f4xx_ll_usb.o
                0x08004a74                USB_WritePacket
 .text.USB_ReadPacket
                0x08004af0       0xb0 ./Drivers/STM32F4xx_HAL_Driver/Src/stm32f4xx_ll_usb.o
                0x08004af0                USB_ReadPacket
 .text.USB_EPSetStall
                0x08004ba0       0xdc ./Drivers/STM32F4xx_HAL_Driver/Src/stm32f4xx_ll_usb.o
                0x08004ba0                USB_EPSetStall
 .text.USB_EPClearStall
                0x08004c7c       0xcc ./Drivers/STM32F4xx_HAL_Driver/Src/stm32f4xx_ll_usb.o
                0x08004c7c                USB_EPClearStall
 .text.USB_SetDevAddress
                0x08004d48       0x4c ./Drivers/STM32F4xx_HAL_Driver/Src/stm32f4xx_ll_usb.o
                0x08004d48                USB_SetDevAddress
 .text.USB_DevConnect
                0x08004d94       0x42 ./Drivers/STM32F4xx_HAL_Driver/Src/stm32f4xx_ll_usb.o
                0x08004d94                USB_DevConnect
 .text.USB_DevDisconnect
                0x08004dd6       0x42 ./Drivers/STM32F4xx_HAL_Driver/Src/stm32f4xx_ll_usb.o
                0x08004dd6                USB_DevDisconnect
 .text.USB_ReadInterrupts
                0x08004e18       0x26 ./Drivers/STM32F4xx_HAL_Driver/Src/stm32f4xx_ll_usb.o
                0x08004e18                USB_ReadInterrupts
 .text.USB_ReadDevAllOutEpInterrupt
                0x08004e3e       0x34 ./Drivers/STM32F4xx_HAL_Driver/Src/stm32f4xx_ll_usb.o
                0x08004e3e                USB_ReadDevAllOutEpInterrupt
 .text.USB_ReadDevAllInEpInterrupt
                0x08004e72       0x34 ./Drivers/STM32F4xx_HAL_Driver/Src/stm32f4xx_ll_usb.o
                0x08004e72                USB_ReadDevAllInEpInterrupt
 .text.USB_ReadDevOutEPInterrupt
                0x08004ea6       0x3c ./Drivers/STM32F4xx_HAL_Driver/Src/stm32f4xx_ll_usb.o
                0x08004ea6                USB_ReadDevOutEPInterrupt
 .text.USB_ReadDevInEPInterrupt
                0x08004ee2       0x5c ./Drivers/STM32F4xx_HAL_Driver/Src/stm32f4xx_ll_usb.o
                0x08004ee2                USB_ReadDevInEPInterrupt
 .text.USB_GetMode
                0x08004f3e       0x1c ./Drivers/STM32F4xx_HAL_Driver/Src/stm32f4xx_ll_usb.o
                0x08004f3e                USB_GetMode
 .text.USB_ActivateSetup
                0x08004f5a       0x46 ./Drivers/STM32F4xx_HAL_Driver/Src/stm32f4xx_ll_usb.o
                0x08004f5a                USB_ActivateSetup
 .text.USB_EP0_OutStart
                0x08004fa0       0xbc ./Drivers/STM32F4xx_HAL_Driver/Src/stm32f4xx_ll_usb.o
                0x08004fa0                USB_EP0_OutStart
 .text.USB_CoreReset
                0x0800505c       0x70 ./Drivers/STM32F4xx_HAL_Driver/Src/stm32f4xx_ll_usb.o
 .text.USBD_CUSTOM_HID_RegisterInterface
                0x080050cc       0x34 ./Middlewares/ST/STM32_USB_Device_Library/Class/CustomHID/Src/usbd_customhid.o
                0x080050cc                USBD_CUSTOM_HID_RegisterInterface
 .text.USBD_Init
                0x08005100       0x60 ./Middlewares/ST/STM32_USB_Device_Library/Core/Src/usbd_core.o
                0x08005100                USBD_Init
 .text.USBD_RegisterClass
                0x08005160       0x6c ./Middlewares/ST/STM32_USB_Device_Library/Core/Src/usbd_core.o
                0x08005160                USBD_RegisterClass
 .text.USBD_Start
                0x080051cc       0x18 ./Middlewares/ST/STM32_USB_Device_Library/Core/Src/usbd_core.o
                0x080051cc                USBD_Start
 .text.USBD_RunTestMode
                0x080051e4       0x16 ./Middlewares/ST/STM32_USB_Device_Library/Core/Src/usbd_core.o
                0x080051e4                USBD_RunTestMode
 .text.USBD_SetClassConfig
                0x080051fa       0x38 ./Middlewares/ST/STM32_USB_Device_Library/Core/Src/usbd_core.o
                0x080051fa                USBD_SetClassConfig
 .text.USBD_ClrClassConfig
                0x08005232       0x34 ./Middlewares/ST/STM32_USB_Device_Library/Core/Src/usbd_core.o
                0x08005232                USBD_ClrClassConfig
 .text.USBD_LL_SetupStage
                0x08005266       0xaa ./Middlewares/ST/STM32_USB_Device_Library/Core/Src/usbd_core.o
                0x08005266                USBD_LL_SetupStage
 .text.USBD_LL_DataOutStage
                0x08005310      0x178 ./Middlewares/ST/STM32_USB_Device_Library/Core/Src/usbd_core.o
                0x08005310                USBD_LL_DataOutStage
 .text.USBD_LL_DataInStage
                0x08005488      0x176 ./Middlewares/ST/STM32_USB_Device_Library/Core/Src/usbd_core.o
                0x08005488                USBD_LL_DataInStage
 .text.USBD_LL_Reset
                0x080055fe       0xa6 ./Middlewares/ST/STM32_USB_Device_Library/Core/Src/usbd_core.o
                0x080055fe                USBD_LL_Reset
 .text.USBD_LL_SetSpeed
                0x080056a4       0x20 ./Middlewares/ST/STM32_USB_Device_Library/Core/Src/usbd_core.o
                0x080056a4                USBD_LL_SetSpeed
 .text.USBD_LL_Suspend
                0x080056c4       0x38 ./Middlewares/ST/STM32_USB_Device_Library/Core/Src/usbd_core.o
                0x080056c4                USBD_LL_Suspend
 .text.USBD_LL_Resume
                0x080056fc       0x30 ./Middlewares/ST/STM32_USB_Device_Library/Core/Src/usbd_core.o
                0x080056fc                USBD_LL_Resume
 .text.USBD_LL_SOF
                0x0800572c       0x40 ./Middlewares/ST/STM32_USB_Device_Library/Core/Src/usbd_core.o
                0x0800572c                USBD_LL_SOF
 .text.USBD_LL_IsoINIncomplete
                0x0800576c       0x64 ./Middlewares/ST/STM32_USB_Device_Library/Core/Src/usbd_core.o
                0x0800576c                USBD_LL_IsoINIncomplete
 .text.USBD_LL_IsoOUTIncomplete
                0x080057d0       0x64 ./Middlewares/ST/STM32_USB_Device_Library/Core/Src/usbd_core.o
                0x080057d0                USBD_LL_IsoOUTIncomplete
 .text.USBD_LL_DevConnected
                0x08005834       0x16 ./Middlewares/ST/STM32_USB_Device_Library/Core/Src/usbd_core.o
                0x08005834                USBD_LL_DevConnected
 .text.USBD_LL_DevDisconnected
                0x0800584a       0x46 ./Middlewares/ST/STM32_USB_Device_Library/Core/Src/usbd_core.o
                0x0800584a                USBD_LL_DevDisconnected
 .text.USBD_CoreFindIF
                0x08005890       0x1a ./Middlewares/ST/STM32_USB_Device_Library/Core/Src/usbd_core.o
                0x08005890                USBD_CoreFindIF
 .text.USBD_CoreFindEP
                0x080058aa       0x1a ./Middlewares/ST/STM32_USB_Device_Library/Core/Src/usbd_core.o
                0x080058aa                USBD_CoreFindEP
 .text.USBD_GetEpDesc
                0x080058c4       0x70 ./Middlewares/ST/STM32_USB_Device_Library/Core/Src/usbd_core.o
                0x080058c4                USBD_GetEpDesc
 .text.USBD_GetNextDesc
                0x08005934       0x38 ./Middlewares/ST/STM32_USB_Device_Library/Core/Src/usbd_core.o
                0x08005934                USBD_GetNextDesc
 .text.SWAPBYTE
                0x0800596c       0x3e ./Middlewares/ST/STM32_USB_Device_Library/Core/Src/usbd_ctlreq.o
 *fill*         0x080059aa        0x2 
 .text.USBD_StdDevReq
                0x080059ac       0xe4 ./Middlewares/ST/STM32_USB_Device_Library/Core/Src/usbd_ctlreq.o
                0x080059ac                USBD_StdDevReq
 .text.USBD_StdItfReq
                0x08005a90       0xd8 ./Middlewares/ST/STM32_USB_Device_Library/Core/Src/usbd_ctlreq.o
                0x08005a90                USBD_StdItfReq
 .text.USBD_StdEPReq
                0x08005b68      0x33e ./Middlewares/ST/STM32_USB_Device_Library/Core/Src/usbd_ctlreq.o
                0x08005b68                USBD_StdEPReq
 *fill*         0x08005ea6        0x2 
 .text.USBD_GetDescriptor
                0x08005ea8      0x2d4 ./Middlewares/ST/STM32_USB_Device_Library/Core/Src/usbd_ctlreq.o
 .text.USBD_SetAddress
                0x0800617c       0x88 ./Middlewares/ST/STM32_USB_Device_Library/Core/Src/usbd_ctlreq.o
 .text.USBD_SetConfig
                0x08006204      0x154 ./Middlewares/ST/STM32_USB_Device_Library/Core/Src/usbd_ctlreq.o
 .text.USBD_GetConfig
                0x08006358       0x6c ./Middlewares/ST/STM32_USB_Device_Library/Core/Src/usbd_ctlreq.o
 .text.USBD_GetStatus
                0x080063c4       0x68 ./Middlewares/ST/STM32_USB_Device_Library/Core/Src/usbd_ctlreq.o
 .text.USBD_SetFeature
                0x0800642c       0x52 ./Middlewares/ST/STM32_USB_Device_Library/Core/Src/usbd_ctlreq.o
 .text.USBD_ClrFeature
                0x0800647e       0x44 ./Middlewares/ST/STM32_USB_Device_Library/Core/Src/usbd_ctlreq.o
 .text.USBD_ParseSetupRequest
                0x080064c2       0x74 ./Middlewares/ST/STM32_USB_Device_Library/Core/Src/usbd_ctlreq.o
                0x080064c2                USBD_ParseSetupRequest
 .text.USBD_CtlError
                0x08006536       0x22 ./Middlewares/ST/STM32_USB_Device_Library/Core/Src/usbd_ctlreq.o
                0x08006536                USBD_CtlError
 .text.USBD_GetString
                0x08006558       0xa4 ./Middlewares/ST/STM32_USB_Device_Library/Core/Src/usbd_ctlreq.o
                0x08006558                USBD_GetString
 .text.USBD_GetLen
                0x080065fc       0x34 ./Middlewares/ST/STM32_USB_Device_Library/Core/Src/usbd_ctlreq.o
 .text.USBD_CtlSendData
                0x08006630       0x3c ./Middlewares/ST/STM32_USB_Device_Library/Core/Src/usbd_ioreq.o
                0x08006630                USBD_CtlSendData
 .text.USBD_CtlContinueSendData
                0x0800666c       0x22 ./Middlewares/ST/STM32_USB_Device_Library/Core/Src/usbd_ioreq.o
                0x0800666c                USBD_CtlContinueSendData
 .text.USBD_CtlPrepareRx
                0x0800668e       0x42 ./Middlewares/ST/STM32_USB_Device_Library/Core/Src/usbd_ioreq.o
                0x0800668e                USBD_CtlPrepareRx
 .text.USBD_CtlContinueRx
                0x080066d0       0x22 ./Middlewares/ST/STM32_USB_Device_Library/Core/Src/usbd_ioreq.o
                0x080066d0                USBD_CtlContinueRx
 .text.USBD_CtlSendStatus
                0x080066f2       0x26 ./Middlewares/ST/STM32_USB_Device_Library/Core/Src/usbd_ioreq.o
                0x080066f2                USBD_CtlSendStatus
 .text.USBD_CtlReceiveStatus
                0x08006718       0x26 ./Middlewares/ST/STM32_USB_Device_Library/Core/Src/usbd_ioreq.o
                0x08006718                USBD_CtlReceiveStatus
 .text.makeFreeRtosPriority
                0x0800673e       0x30 ./Middlewares/Third_Party/FreeRTOS/Source/CMSIS_RTOS/cmsis_os.o
 .text.osKernelStart
                0x0800676e        0xe ./Middlewares/Third_Party/FreeRTOS/Source/CMSIS_RTOS/cmsis_os.o
                0x0800676e                osKernelStart
 .text.osThreadCreate
                0x0800677c       0x98 ./Middlewares/Third_Party/FreeRTOS/Source/CMSIS_RTOS/cmsis_os.o
                0x0800677c                osThreadCreate
 .text.osDelay  0x08006814       0x28 ./Middlewares/Third_Party/FreeRTOS/Source/CMSIS_RTOS/cmsis_os.o
                0x08006814                osDelay
 .text.vListInitialise
                0x0800683c       0x40 ./Middlewares/Third_Party/FreeRTOS/Source/list.o
                0x0800683c                vListInitialise
 .text.vListInitialiseItem
                0x0800687c       0x1a ./Middlewares/Third_Party/FreeRTOS/Source/list.o
                0x0800687c                vListInitialiseItem
 .text.vListInsertEnd
                0x08006896       0x48 ./Middlewares/Third_Party/FreeRTOS/Source/list.o
                0x08006896                vListInsertEnd
 .text.vListInsert
                0x080068de       0x72 ./Middlewares/Third_Party/FreeRTOS/Source/list.o
                0x080068de                vListInsert
 .text.uxListRemove
                0x08006950       0x54 ./Middlewares/Third_Party/FreeRTOS/Source/list.o
                0x08006950                uxListRemove
 .text.xTaskCreateStatic
                0x080069a4       0xc0 ./Middlewares/Third_Party/FreeRTOS/Source/tasks.o
                0x080069a4                xTaskCreateStatic
 .text.xTaskCreate
                0x08006a64       0x8a ./Middlewares/Third_Party/FreeRTOS/Source/tasks.o
                0x08006a64                xTaskCreate
 .text.prvInitialiseNewTask
                0x08006aee      0x110 ./Middlewares/Third_Party/FreeRTOS/Source/tasks.o
 *fill*         0x08006bfe        0x2 
 .text.prvAddNewTaskToReadyList
                0x08006c00       0xd4 ./Middlewares/Third_Party/FreeRTOS/Source/tasks.o
 .text.vTaskDelay
                0x08006cd4       0x6c ./Middlewares/Third_Party/FreeRTOS/Source/tasks.o
                0x08006cd4                vTaskDelay
 .text.vTaskStartScheduler
                0x08006d40       0xc4 ./Middlewares/Third_Party/FreeRTOS/Source/tasks.o
                0x08006d40                vTaskStartScheduler
 .text.vTaskSuspendAll
                0x08006e04       0x1c ./Middlewares/Third_Party/FreeRTOS/Source/tasks.o
                0x08006e04                vTaskSuspendAll
 .text.xTaskResumeAll
                0x08006e20      0x13c ./Middlewares/Third_Party/FreeRTOS/Source/tasks.o
                0x08006e20                xTaskResumeAll
 .text.xTaskIncrementTick
                0x08006f5c      0x174 ./Middlewares/Third_Party/FreeRTOS/Source/tasks.o
                0x08006f5c                xTaskIncrementTick
 .text.vTaskSwitchContext
                0x080070d0       0xb8 ./Middlewares/Third_Party/FreeRTOS/Source/tasks.o
                0x080070d0                vTaskSwitchContext
 .text.prvIdleTask
                0x08007188       0x30 ./Middlewares/Third_Party/FreeRTOS/Source/tasks.o
 .text.prvInitialiseTaskLists
                0x080071b8       0x80 ./Middlewares/Third_Party/FreeRTOS/Source/tasks.o
 .text.prvCheckTasksWaitingTermination
                0x08007238       0x5c ./Middlewares/Third_Party/FreeRTOS/Source/tasks.o
 .text.prvDeleteTCB
                0x08007294       0x60 ./Middlewares/Third_Party/FreeRTOS/Source/tasks.o
 .text.prvResetNextTaskUnblockTime
                0x080072f4       0x40 ./Middlewares/Third_Party/FreeRTOS/Source/tasks.o
 .text.xTaskGetSchedulerState
                0x08007334       0x3c ./Middlewares/Third_Party/FreeRTOS/Source/tasks.o
                0x08007334                xTaskGetSchedulerState
 .text.prvAddCurrentTaskToDelayedList
                0x08007370       0xcc ./Middlewares/Third_Party/FreeRTOS/Source/tasks.o
 .text.pxPortInitialiseStack
                0x0800743c       0x68 ./Middlewares/Third_Party/FreeRTOS/Source/portable/GCC/ARM_CM4F/port.o
                0x0800743c                pxPortInitialiseStack
 .text.prvTaskExitError
                0x080074a4       0x5c ./Middlewares/Third_Party/FreeRTOS/Source/portable/GCC/ARM_CM4F/port.o
 .text.SVC_Handler
                0x08007500       0x28 ./Middlewares/Third_Party/FreeRTOS/Source/portable/GCC/ARM_CM4F/port.o
                0x08007500                SVC_Handler
 .text.prvPortStartFirstTask
                0x08007528       0x28 ./Middlewares/Third_Party/FreeRTOS/Source/portable/GCC/ARM_CM4F/port.o
 .text.xPortStartScheduler
                0x08007550      0x148 ./Middlewares/Third_Party/FreeRTOS/Source/portable/GCC/ARM_CM4F/port.o
                0x08007550                xPortStartScheduler
 .text.vPortEnterCritical
                0x08007698       0x64 ./Middlewares/Third_Party/FreeRTOS/Source/portable/GCC/ARM_CM4F/port.o
                0x08007698                vPortEnterCritical
 .text.vPortExitCritical
                0x080076fc       0x54 ./Middlewares/Third_Party/FreeRTOS/Source/portable/GCC/ARM_CM4F/port.o
                0x080076fc                vPortExitCritical
 .text.PendSV_Handler
                0x08007750       0x68 ./Middlewares/Third_Party/FreeRTOS/Source/portable/GCC/ARM_CM4F/port.o
                0x08007750                PendSV_Handler
 .text.xPortSysTickHandler
                0x080077b8       0x44 ./Middlewares/Third_Party/FreeRTOS/Source/portable/GCC/ARM_CM4F/port.o
                0x080077b8                xPortSysTickHandler
 .text.vPortSetupTimerInterrupt
                0x080077fc       0x48 ./Middlewares/Third_Party/FreeRTOS/Source/portable/GCC/ARM_CM4F/port.o
                0x080077fc                vPortSetupTimerInterrupt
 .text.vPortEnableVFP
                0x08007844       0x14 ./Middlewares/Third_Party/FreeRTOS/Source/portable/GCC/ARM_CM4F/port.o
 .text.pvPortMalloc
                0x08007858      0x19c ./Middlewares/Third_Party/FreeRTOS/Source/portable/MemMang/heap_4.o
                0x08007858                pvPortMalloc
 .text.vPortFree
                0x080079f4       0xc8 ./Middlewares/Third_Party/FreeRTOS/Source/portable/MemMang/heap_4.o
                0x080079f4                vPortFree
 .text.prvHeapInit
                0x08007abc       0xc4 ./Middlewares/Third_Party/FreeRTOS/Source/portable/MemMang/heap_4.o
 .text.prvInsertBlockIntoFreeList
                0x08007b80       0xb4 ./Middlewares/Third_Party/FreeRTOS/Source/portable/MemMang/heap_4.o
 .text.MX_USB_DEVICE_Init
                0x08007c34       0x60 ./USB_DEVICE/App/usb_device.o
                0x08007c34                MX_USB_DEVICE_Init
 .text.USBD_CUSTOM_BULK_SendData
                0x08007c94       0x34 ./USB_DEVICE/App/usbd_custom_bulk.o
                0x08007c94                USBD_CUSTOM_BULK_SendData
 .text.USBD_CUSTOM_BULK_Init
                0x08007cc8      0x158 ./USB_DEVICE/App/usbd_custom_bulk.o
 .text.USBD_CUSTOM_BULK_DeInit
                0x08007e20       0xf4 ./USB_DEVICE/App/usbd_custom_bulk.o
 .text.USBD_CUSTOM_BULK_Setup
                0x08007f14      0x254 ./USB_DEVICE/App/usbd_custom_bulk.o
 .text.USBD_CUSTOM_BULK_GetFSCfgDesc
                0x08008168       0x64 ./USB_DEVICE/App/usbd_custom_bulk.o
 .text.USBD_CUSTOM_BULK_GetHSCfgDesc
                0x080081cc       0x64 ./USB_DEVICE/App/usbd_custom_bulk.o
 .text.USBD_CUSTOM_BULK_GetOtherSpeedCfgDesc
                0x08008230       0x64 ./USB_DEVICE/App/usbd_custom_bulk.o
 .text.USBD_CUSTOM_BULK_DataIn
                0x08008294       0x2e ./USB_DEVICE/App/usbd_custom_bulk.o
 .text.USBD_CUSTOM_BULK_DataOut
                0x080082c2       0x5a ./USB_DEVICE/App/usbd_custom_bulk.o
 .text.USBD_CUSTOM_BULK_ReceivePacket
                0x0800831c       0x4c ./USB_DEVICE/App/usbd_custom_bulk.o
                0x0800831c                USBD_CUSTOM_BULK_ReceivePacket
 .text.USBD_CUSTOM_BULK_EP0_RxReady
                0x08008368       0x58 ./USB_DEVICE/App/usbd_custom_bulk.o
 .text.USBD_CUSTOM_BULK_GetDeviceQualifierDesc
                0x080083c0       0x20 ./USB_DEVICE/App/usbd_custom_bulk.o
 .text.CUSTOM_BULK_Init_FS
                0x080083e0       0x10 ./USB_DEVICE/App/usbd_custom_bulk_if.o
 .text.CUSTOM_BULK_DeInit_FS
                0x080083f0       0x10 ./USB_DEVICE/App/usbd_custom_bulk_if.o
 .text.CUSTOM_BULK_OutEvent_FS
                0x08008400       0x78 ./USB_DEVICE/App/usbd_custom_bulk_if.o
 .text.USBD_FS_DeviceDescriptor
                0x08008478       0x24 ./USB_DEVICE/App/usbd_desc.o
                0x08008478                USBD_FS_DeviceDescriptor
 .text.USBD_FS_LangIDStrDescriptor
                0x0800849c       0x24 ./USB_DEVICE/App/usbd_desc.o
                0x0800849c                USBD_FS_LangIDStrDescriptor
 .text.USBD_FS_ProductStrDescriptor
                0x080084c0       0x3c ./USB_DEVICE/App/usbd_desc.o
                0x080084c0                USBD_FS_ProductStrDescriptor
 .text.USBD_FS_ManufacturerStrDescriptor
                0x080084fc       0x28 ./USB_DEVICE/App/usbd_desc.o
                0x080084fc                USBD_FS_ManufacturerStrDescriptor
 .text.USBD_FS_SerialStrDescriptor
                0x08008524       0x24 ./USB_DEVICE/App/usbd_desc.o
                0x08008524                USBD_FS_SerialStrDescriptor
 .text.USBD_FS_ConfigStrDescriptor
                0x08008548       0x3c ./USB_DEVICE/App/usbd_desc.o
                0x08008548                USBD_FS_ConfigStrDescriptor
 .text.USBD_FS_InterfaceStrDescriptor
                0x08008584       0x3c ./USB_DEVICE/App/usbd_desc.o
                0x08008584                USBD_FS_InterfaceStrDescriptor
 .text.Get_SerialNum
                0x080085c0       0x58 ./USB_DEVICE/App/usbd_desc.o
 .text.IntToUnicode
                0x08008618       0x7e ./USB_DEVICE/App/usbd_desc.o
 *fill*         0x08008696        0x2 
 .text.HAL_PCD_MspInit
                0x08008698       0xa8 ./USB_DEVICE/Target/usbd_conf.o
                0x08008698                HAL_PCD_MspInit
 .text.HAL_PCD_SetupStageCallback
                0x08008740       0x24 ./USB_DEVICE/Target/usbd_conf.o
                0x08008740                HAL_PCD_SetupStageCallback
 .text.HAL_PCD_DataOutStageCallback
                0x08008764       0x36 ./USB_DEVICE/Target/usbd_conf.o
                0x08008764                HAL_PCD_DataOutStageCallback
 .text.HAL_PCD_DataInStageCallback
                0x0800879a       0x34 ./USB_DEVICE/Target/usbd_conf.o
                0x0800879a                HAL_PCD_DataInStageCallback
 .text.HAL_PCD_SOFCallback
                0x080087ce       0x1c ./USB_DEVICE/Target/usbd_conf.o
                0x080087ce                HAL_PCD_SOFCallback
 .text.HAL_PCD_ResetCallback
                0x080087ea       0x3c ./USB_DEVICE/Target/usbd_conf.o
                0x080087ea                HAL_PCD_ResetCallback
 *fill*         0x08008826        0x2 
 .text.HAL_PCD_SuspendCallback
                0x08008828       0x4c ./USB_DEVICE/Target/usbd_conf.o
                0x08008828                HAL_PCD_SuspendCallback
 .text.HAL_PCD_ResumeCallback
                0x08008874       0x1c ./USB_DEVICE/Target/usbd_conf.o
                0x08008874                HAL_PCD_ResumeCallback
 .text.HAL_PCD_ISOOUTIncompleteCallback
                0x08008890       0x24 ./USB_DEVICE/Target/usbd_conf.o
                0x08008890                HAL_PCD_ISOOUTIncompleteCallback
 .text.HAL_PCD_ISOINIncompleteCallback
                0x080088b4       0x24 ./USB_DEVICE/Target/usbd_conf.o
                0x080088b4                HAL_PCD_ISOINIncompleteCallback
 .text.HAL_PCD_ConnectCallback
                0x080088d8       0x1c ./USB_DEVICE/Target/usbd_conf.o
                0x080088d8                HAL_PCD_ConnectCallback
 .text.HAL_PCD_DisconnectCallback
                0x080088f4       0x1c ./USB_DEVICE/Target/usbd_conf.o
                0x080088f4                HAL_PCD_DisconnectCallback
 .text.USBD_LL_Init
                0x08008910       0x98 ./USB_DEVICE/Target/usbd_conf.o
                0x08008910                USBD_LL_Init
 .text.USBD_LL_Start
                0x080089a8       0x36 ./USB_DEVICE/Target/usbd_conf.o
                0x080089a8                USBD_LL_Start
 .text.USBD_LL_OpenEP
                0x080089de       0x4c ./USB_DEVICE/Target/usbd_conf.o
                0x080089de                USBD_LL_OpenEP
 .text.USBD_LL_CloseEP
                0x08008a2a       0x3e ./USB_DEVICE/Target/usbd_conf.o
                0x08008a2a                USBD_LL_CloseEP
 .text.USBD_LL_StallEP
                0x08008a68       0x3e ./USB_DEVICE/Target/usbd_conf.o
                0x08008a68                USBD_LL_StallEP
 .text.USBD_LL_ClearStallEP
                0x08008aa6       0x3e ./USB_DEVICE/Target/usbd_conf.o
                0x08008aa6                USBD_LL_ClearStallEP
 .text.USBD_LL_IsStallEP
                0x08008ae4       0x58 ./USB_DEVICE/Target/usbd_conf.o
                0x08008ae4                USBD_LL_IsStallEP
 .text.USBD_LL_SetUSBAddress
                0x08008b3c       0x3e ./USB_DEVICE/Target/usbd_conf.o
                0x08008b3c                USBD_LL_SetUSBAddress
 .text.USBD_LL_Transmit
                0x08008b7a       0x42 ./USB_DEVICE/Target/usbd_conf.o
                0x08008b7a                USBD_LL_Transmit
 .text.USBD_LL_PrepareReceive
                0x08008bbc       0x42 ./USB_DEVICE/Target/usbd_conf.o
                0x08008bbc                USBD_LL_PrepareReceive
 *fill*         0x08008bfe        0x2 
 .text.USBD_static_malloc
                0x08008c00       0x1c ./USB_DEVICE/Target/usbd_conf.o
                0x08008c00                USBD_static_malloc
 .text.USBD_static_free
                0x08008c1c       0x14 ./USB_DEVICE/Target/usbd_conf.o
                0x08008c1c                USBD_static_free
 .text.USBD_Get_USB_Status
                0x08008c30       0x58 ./USB_DEVICE/Target/usbd_conf.o
                0x08008c30                USBD_Get_USB_Status
 .text.rand     0x08008c88       0x7c /opt/st/stm32cubeide_1.19.0/plugins/com.st.stm32cube.ide.mcu.externaltools.gnu-tools-for-stm32.13.3.rel1.linux64_1.0.0.202410170706/tools/bin/../lib/gcc/arm-none-eabi/13.3.1/../../../../arm-none-eabi/lib/thumb/v7e-m+fp/hard/libc_nano.a(libc_a-rand.o)
                0x08008c88                rand
 .text.std      0x08008d04       0x6c /opt/st/stm32cubeide_1.19.0/plugins/com.st.stm32cube.ide.mcu.externaltools.gnu-tools-for-stm32.13.3.rel1.linux64_1.0.0.202410170706/tools/bin/../lib/gcc/arm-none-eabi/13.3.1/../../../../arm-none-eabi/lib/thumb/v7e-m+fp/hard/libc_nano.a(libc_a-findfp.o)
 .text.stdio_exit_handler
                0x08008d70       0x18 /opt/st/stm32cubeide_1.19.0/plugins/com.st.stm32cube.ide.mcu.externaltools.gnu-tools-for-stm32.13.3.rel1.linux64_1.0.0.202410170706/tools/bin/../lib/gcc/arm-none-eabi/13.3.1/../../../../arm-none-eabi/lib/thumb/v7e-m+fp/hard/libc_nano.a(libc_a-findfp.o)
 .text.cleanup_stdio
                0x08008d88       0x40 /opt/st/stm32cubeide_1.19.0/plugins/com.st.stm32cube.ide.mcu.externaltools.gnu-tools-for-stm32.13.3.rel1.linux64_1.0.0.202410170706/tools/bin/../lib/gcc/arm-none-eabi/13.3.1/../../../../arm-none-eabi/lib/thumb/v7e-m+fp/hard/libc_nano.a(libc_a-findfp.o)
 .text.global_stdio_init.part.0
                0x08008dc8       0x3c /opt/st/stm32cubeide_1.19.0/plugins/com.st.stm32cube.ide.mcu.externaltools.gnu-tools-for-stm32.13.3.rel1.linux64_1.0.0.202410170706/tools/bin/../lib/gcc/arm-none-eabi/13.3.1/../../../../arm-none-eabi/lib/thumb/v7e-m+fp/hard/libc_nano.a(libc_a-findfp.o)
 .text.__sfp_lock_acquire
                0x08008e04        0xc /opt/st/stm32cubeide_1.19.0/plugins/com.st.stm32cube.ide.mcu.externaltools.gnu-tools-for-stm32.13.3.rel1.linux64_1.0.0.202410170706/tools/bin/../lib/gcc/arm-none-eabi/13.3.1/../../../../arm-none-eabi/lib/thumb/v7e-m+fp/hard/libc_nano.a(libc_a-findfp.o)
                0x08008e04                __sfp_lock_acquire
 .text.__sfp_lock_release
                0x08008e10        0xc /opt/st/stm32cubeide_1.19.0/plugins/com.st.stm32cube.ide.mcu.externaltools.gnu-tools-for-stm32.13.3.rel1.linux64_1.0.0.202410170706/tools/bin/../lib/gcc/arm-none-eabi/13.3.1/../../../../arm-none-eabi/lib/thumb/v7e-m+fp/hard/libc_nano.a(libc_a-findfp.o)
                0x08008e10                __sfp_lock_release
 .text.__sinit  0x08008e1c       0x30 /opt/st/stm32cubeide_1.19.0/plugins/com.st.stm32cube.ide.mcu.externaltools.gnu-tools-for-stm32.13.3.rel1.linux64_1.0.0.202410170706/tools/bin/../lib/gcc/arm-none-eabi/13.3.1/../../../../arm-none-eabi/lib/thumb/v7e-m+fp/hard/libc_nano.a(libc_a-findfp.o)
                0x08008e1c                __sinit
 .text._fwalk_sglue
                0x08008e4c       0x3c /opt/st/stm32cubeide_1.19.0/plugins/com.st.stm32cube.ide.mcu.externaltools.gnu-tools-for-stm32.13.3.rel1.linux64_1.0.0.202410170706/tools/bin/../lib/gcc/arm-none-eabi/13.3.1/../../../../arm-none-eabi/lib/thumb/v7e-m+fp/hard/libc_nano.a(libc_a-fwalk.o)
                0x08008e4c                _fwalk_sglue
 .text.__sread  0x08008e88       0x22 /opt/st/stm32cubeide_1.19.0/plugins/com.st.stm32cube.ide.mcu.externaltools.gnu-tools-for-stm32.13.3.rel1.linux64_1.0.0.202410170706/tools/bin/../lib/gcc/arm-none-eabi/13.3.1/../../../../arm-none-eabi/lib/thumb/v7e-m+fp/hard/libc_nano.a(libc_a-stdio.o)
                0x08008e88                __sread
 .text.__swrite
                0x08008eaa       0x38 /opt/st/stm32cubeide_1.19.0/plugins/com.st.stm32cube.ide.mcu.externaltools.gnu-tools-for-stm32.13.3.rel1.linux64_1.0.0.202410170706/tools/bin/../lib/gcc/arm-none-eabi/13.3.1/../../../../arm-none-eabi/lib/thumb/v7e-m+fp/hard/libc_nano.a(libc_a-stdio.o)
                0x08008eaa                __swrite
 .text.__sseek  0x08008ee2       0x24 /opt/st/stm32cubeide_1.19.0/plugins/com.st.stm32cube.ide.mcu.externaltools.gnu-tools-for-stm32.13.3.rel1.linux64_1.0.0.202410170706/tools/bin/../lib/gcc/arm-none-eabi/13.3.1/../../../../arm-none-eabi/lib/thumb/v7e-m+fp/hard/libc_nano.a(libc_a-stdio.o)
                0x08008ee2                __sseek
 .text.__sclose
                0x08008f06        0x8 /opt/st/stm32cubeide_1.19.0/plugins/com.st.stm32cube.ide.mcu.externaltools.gnu-tools-for-stm32.13.3.rel1.linux64_1.0.0.202410170706/tools/bin/../lib/gcc/arm-none-eabi/13.3.1/../../../../arm-none-eabi/lib/thumb/v7e-m+fp/hard/libc_nano.a(libc_a-stdio.o)
                0x08008f06                __sclose
 .text.memset   0x08008f0e       0x10 /opt/st/stm32cubeide_1.19.0/plugins/com.st.stm32cube.ide.mcu.externaltools.gnu-tools-for-stm32.13.3.rel1.linux64_1.0.0.202410170706/tools/bin/../lib/gcc/arm-none-eabi/13.3.1/../../../../arm-none-eabi/lib/thumb/v7e-m+fp/hard/libc_nano.a(libc_a-memset.o)
                0x08008f0e                memset
 .text.strncmp  0x08008f1e       0x24 /opt/st/stm32cubeide_1.19.0/plugins/com.st.stm32cube.ide.mcu.externaltools.gnu-tools-for-stm32.13.3.rel1.linux64_1.0.0.202410170706/tools/bin/../lib/gcc/arm-none-eabi/13.3.1/../../../../arm-none-eabi/lib/thumb/v7e-m+fp/hard/libc_nano.a(libc_a-strncmp.o)
                0x08008f1e                strncmp
 *fill*         0x08008f42        0x2 
 .text._close_r
                0x08008f44       0x20 /opt/st/stm32cubeide_1.19.0/plugins/com.st.stm32cube.ide.mcu.externaltools.gnu-tools-for-stm32.13.3.rel1.linux64_1.0.0.202410170706/tools/bin/../lib/gcc/arm-none-eabi/13.3.1/../../../../arm-none-eabi/lib/thumb/v7e-m+fp/hard/libc_nano.a(libc_a-closer.o)
                0x08008f44                _close_r
 .text._lseek_r
                0x08008f64       0x24 /opt/st/stm32cubeide_1.19.0/plugins/com.st.stm32cube.ide.mcu.externaltools.gnu-tools-for-stm32.13.3.rel1.linux64_1.0.0.202410170706/tools/bin/../lib/gcc/arm-none-eabi/13.3.1/../../../../arm-none-eabi/lib/thumb/v7e-m+fp/hard/libc_nano.a(libc_a-lseekr.o)
                0x08008f64                _lseek_r
 .text._read_r  0x08008f88       0x24 /opt/st/stm32cubeide_1.19.0/plugins/com.st.stm32cube.ide.mcu.externaltools.gnu-tools-for-stm32.13.3.rel1.linux64_1.0.0.202410170706/tools/bin/../lib/gcc/arm-none-eabi/13.3.1/../../../../arm-none-eabi/lib/thumb/v7e-m+fp/hard/libc_nano.a(libc_a-readr.o)
                0x08008f88                _read_r
 .text._write_r
                0x08008fac       0x24 /opt/st/stm32cubeide_1.19.0/plugins/com.st.stm32cube.ide.mcu.externaltools.gnu-tools-for-stm32.13.3.rel1.linux64_1.0.0.202410170706/tools/bin/../lib/gcc/arm-none-eabi/13.3.1/../../../../arm-none-eabi/lib/thumb/v7e-m+fp/hard/libc_nano.a(libc_a-writer.o)
                0x08008fac                _write_r
 .text.__errno  0x08008fd0        0xc /opt/st/stm32cubeide_1.19.0/plugins/com.st.stm32cube.ide.mcu.externaltools.gnu-tools-for-stm32.13.3.rel1.linux64_1.0.0.202410170706/tools/bin/../lib/gcc/arm-none-eabi/13.3.1/../../../../arm-none-eabi/lib/thumb/v7e-m+fp/hard/libc_nano.a(libc_a-errno.o)
                0x08008fd0                __errno
 .text.__libc_init_array
                0x08008fdc       0x48 /opt/st/stm32cubeide_1.19.0/plugins/com.st.stm32cube.ide.mcu.externaltools.gnu-tools-for-stm32.13.3.rel1.linux64_1.0.0.202410170706/tools/bin/../lib/gcc/arm-none-eabi/13.3.1/../../../../arm-none-eabi/lib/thumb/v7e-m+fp/hard/libc_nano.a(libc_a-init.o)
                0x08008fdc                __libc_init_array
 .text.__retarget_lock_init_recursive
                0x08009024        0x2 /opt/st/stm32cubeide_1.19.0/plugins/com.st.stm32cube.ide.mcu.externaltools.gnu-tools-for-stm32.13.3.rel1.linux64_1.0.0.202410170706/tools/bin/../lib/gcc/arm-none-eabi/13.3.1/../../../../arm-none-eabi/lib/thumb/v7e-m+fp/hard/libc_nano.a(libc_a-lock.o)
                0x08009024                __retarget_lock_init_recursive
 .text.__retarget_lock_acquire_recursive
                0x08009026        0x2 /opt/st/stm32cubeide_1.19.0/plugins/com.st.stm32cube.ide.mcu.externaltools.gnu-tools-for-stm32.13.3.rel1.linux64_1.0.0.202410170706/tools/bin/../lib/gcc/arm-none-eabi/13.3.1/../../../../arm-none-eabi/lib/thumb/v7e-m+fp/hard/libc_nano.a(libc_a-lock.o)
                0x08009026                __retarget_lock_acquire_recursive
 .text.__retarget_lock_release_recursive
                0x08009028        0x2 /opt/st/stm32cubeide_1.19.0/plugins/com.st.stm32cube.ide.mcu.externaltools.gnu-tools-for-stm32.13.3.rel1.linux64_1.0.0.202410170706/tools/bin/../lib/gcc/arm-none-eabi/13.3.1/../../../../arm-none-eabi/lib/thumb/v7e-m+fp/hard/libc_nano.a(libc_a-lock.o)
                0x08009028                __retarget_lock_release_recursive
 *fill*         0x0800902a        0x2 
 .text.__assert_func
                0x0800902c       0x3c /opt/st/stm32cubeide_1.19.0/plugins/com.st.stm32cube.ide.mcu.externaltools.gnu-tools-for-stm32.13.3.rel1.linux64_1.0.0.202410170706/tools/bin/../lib/gcc/arm-none-eabi/13.3.1/../../../../arm-none-eabi/lib/thumb/v7e-m+fp/hard/libc_nano.a(libc_a-assert.o)
                0x0800902c                __assert_func
 .text._free_r  0x08009068       0x94 /opt/st/stm32cubeide_1.19.0/plugins/com.st.stm32cube.ide.mcu.externaltools.gnu-tools-for-stm32.13.3.rel1.linux64_1.0.0.202410170706/tools/bin/../lib/gcc/arm-none-eabi/13.3.1/../../../../arm-none-eabi/lib/thumb/v7e-m+fp/hard/libc_nano.a(libc_a-freer.o)
                0x08009068                _free_r
 .text.malloc   0x080090fc       0x10 /opt/st/stm32cubeide_1.19.0/plugins/com.st.stm32cube.ide.mcu.externaltools.gnu-tools-for-stm32.13.3.rel1.linux64_1.0.0.202410170706/tools/bin/../lib/gcc/arm-none-eabi/13.3.1/../../../../arm-none-eabi/lib/thumb/v7e-m+fp/hard/libc_nano.a(libc_a-malloc.o)
                0x080090fc                malloc
 .text.sbrk_aligned
                0x0800910c       0x44 /opt/st/stm32cubeide_1.19.0/plugins/com.st.stm32cube.ide.mcu.externaltools.gnu-tools-for-stm32.13.3.rel1.linux64_1.0.0.202410170706/tools/bin/../lib/gcc/arm-none-eabi/13.3.1/../../../../arm-none-eabi/lib/thumb/v7e-m+fp/hard/libc_nano.a(libc_a-mallocr.o)
 .text._malloc_r
                0x08009150      0x100 /opt/st/stm32cubeide_1.19.0/plugins/com.st.stm32cube.ide.mcu.externaltools.gnu-tools-for-stm32.13.3.rel1.linux64_1.0.0.202410170706/tools/bin/../lib/gcc/arm-none-eabi/13.3.1/../../../../arm-none-eabi/lib/thumb/v7e-m+fp/hard/libc_nano.a(libc_a-mallocr.o)
                0x08009150                _malloc_r
 .text.__malloc_lock
                0x08009250        0xc /opt/st/stm32cubeide_1.19.0/plugins/com.st.stm32cube.ide.mcu.externaltools.gnu-tools-for-stm32.13.3.rel1.linux64_1.0.0.202410170706/tools/bin/../lib/gcc/arm-none-eabi/13.3.1/../../../../arm-none-eabi/lib/thumb/v7e-m+fp/hard/libc_nano.a(libc_a-mlock.o)
                0x08009250                __malloc_lock
 .text.__malloc_unlock
                0x0800925c        0xc /opt/st/stm32cubeide_1.19.0/plugins/com.st.stm32cube.ide.mcu.externaltools.gnu-tools-for-stm32.13.3.rel1.linux64_1.0.0.202410170706/tools/bin/../lib/gcc/arm-none-eabi/13.3.1/../../../../arm-none-eabi/lib/thumb/v7e-m+fp/hard/libc_nano.a(libc_a-mlock.o)
                0x0800925c                __malloc_unlock
 .text.__sflush_r
                0x08009268      0x108 /opt/st/stm32cubeide_1.19.0/plugins/com.st.stm32cube.ide.mcu.externaltools.gnu-tools-for-stm32.13.3.rel1.linux64_1.0.0.202410170706/tools/bin/../lib/gcc/arm-none-eabi/13.3.1/../../../../arm-none-eabi/lib/thumb/v7e-m+fp/hard/libc_nano.a(libc_a-fflush.o)
                0x08009268                __sflush_r
 .text._fflush_r
                0x08009370       0x50 /opt/st/stm32cubeide_1.19.0/plugins/com.st.stm32cube.ide.mcu.externaltools.gnu-tools-for-stm32.13.3.rel1.linux64_1.0.0.202410170706/tools/bin/../lib/gcc/arm-none-eabi/13.3.1/../../../../arm-none-eabi/lib/thumb/v7e-m+fp/hard/libc_nano.a(libc_a-fflush.o)
                0x08009370                _fflush_r
 .text.fprintf  0x080093c0       0x24 /opt/st/stm32cubeide_1.19.0/plugins/com.st.stm32cube.ide.mcu.externaltools.gnu-tools-for-stm32.13.3.rel1.linux64_1.0.0.202410170706/tools/bin/../lib/gcc/arm-none-eabi/13.3.1/../../../../arm-none-eabi/lib/thumb/v7e-m+fp/hard/libc_nano.a(libc_a-fprintf.o)
                0x080093c0                fprintf
                0x080093c0                fiprintf
 .text._sbrk_r  0x080093e4       0x20 /opt/st/stm32cubeide_1.19.0/plugins/com.st.stm32cube.ide.mcu.externaltools.gnu-tools-for-stm32.13.3.rel1.linux64_1.0.0.202410170706/tools/bin/../lib/gcc/arm-none-eabi/13.3.1/../../../../arm-none-eabi/lib/thumb/v7e-m+fp/hard/libc_nano.a(libc_a-sbrkr.o)
                0x080093e4                _sbrk_r
 .text.abort    0x08009404        0xe /opt/st/stm32cubeide_1.19.0/plugins/com.st.stm32cube.ide.mcu.externaltools.gnu-tools-for-stm32.13.3.rel1.linux64_1.0.0.202410170706/tools/bin/../lib/gcc/arm-none-eabi/13.3.1/../../../../arm-none-eabi/lib/thumb/v7e-m+fp/hard/libc_nano.a(libc_a-abort.o)
                0x08009404                abort
 .text.__sfputc_r
                0x08009412       0x2e /opt/st/stm32cubeide_1.19.0/plugins/com.st.stm32cube.ide.mcu.externaltools.gnu-tools-for-stm32.13.3.rel1.linux64_1.0.0.202410170706/tools/bin/../lib/gcc/arm-none-eabi/13.3.1/../../../../arm-none-eabi/lib/thumb/v7e-m+fp/hard/libc_nano.a(libc_a-nano-vfprintf.o)
 .text.__sfputs_r
                0x08009440       0x24 /opt/st/stm32cubeide_1.19.0/plugins/com.st.stm32cube.ide.mcu.externaltools.gnu-tools-for-stm32.13.3.rel1.linux64_1.0.0.202410170706/tools/bin/../lib/gcc/arm-none-eabi/13.3.1/../../../../arm-none-eabi/lib/thumb/v7e-m+fp/hard/libc_nano.a(libc_a-nano-vfprintf.o)
                0x08009440                __sfputs_r
 .text._vfprintf_r
                0x08009464      0x230 /opt/st/stm32cubeide_1.19.0/plugins/com.st.stm32cube.ide.mcu.externaltools.gnu-tools-for-stm32.13.3.rel1.linux64_1.0.0.202410170706/tools/bin/../lib/gcc/arm-none-eabi/13.3.1/../../../../arm-none-eabi/lib/thumb/v7e-m+fp/hard/libc_nano.a(libc_a-nano-vfprintf.o)
                0x08009464                _vfiprintf_r
                0x08009464                _vfprintf_r
 .text._printf_common
                0x08009694       0xda /opt/st/stm32cubeide_1.19.0/plugins/com.st.stm32cube.ide.mcu.externaltools.gnu-tools-for-stm32.13.3.rel1.linux64_1.0.0.202410170706/tools/bin/../lib/gcc/arm-none-eabi/13.3.1/../../../../arm-none-eabi/lib/thumb/v7e-m+fp/hard/libc_nano.a(libc_a-nano-vfprintf_i.o)
                0x08009694                _printf_common
 *fill*         0x0800976e        0x2 
 .text._printf_i
                0x08009770      0x23c /opt/st/stm32cubeide_1.19.0/plugins/com.st.stm32cube.ide.mcu.externaltools.gnu-tools-for-stm32.13.3.rel1.linux64_1.0.0.202410170706/tools/bin/../lib/gcc/arm-none-eabi/13.3.1/../../../../arm-none-eabi/lib/thumb/v7e-m+fp/hard/libc_nano.a(libc_a-nano-vfprintf_i.o)
                0x08009770                _printf_i
 .text.__swbuf_r
                0x080099ac       0x7c /opt/st/stm32cubeide_1.19.0/plugins/com.st.stm32cube.ide.mcu.externaltools.gnu-tools-for-stm32.13.3.rel1.linux64_1.0.0.202410170706/tools/bin/../lib/gcc/arm-none-eabi/13.3.1/../../../../arm-none-eabi/lib/thumb/v7e-m+fp/hard/libc_nano.a(libc_a-wbuf.o)
                0x080099ac                __swbuf_r
 .text.__swsetup_r
                0x08009a28       0xac /opt/st/stm32cubeide_1.19.0/plugins/com.st.stm32cube.ide.mcu.externaltools.gnu-tools-for-stm32.13.3.rel1.linux64_1.0.0.202410170706/tools/bin/../lib/gcc/arm-none-eabi/13.3.1/../../../../arm-none-eabi/lib/thumb/v7e-m+fp/hard/libc_nano.a(libc_a-wsetup.o)
                0x08009a28                __swsetup_r
 .text._raise_r
                0x08009ad4       0x50 /opt/st/stm32cubeide_1.19.0/plugins/com.st.stm32cube.ide.mcu.externaltools.gnu-tools-for-stm32.13.3.rel1.linux64_1.0.0.202410170706/tools/bin/../lib/gcc/arm-none-eabi/13.3.1/../../../../arm-none-eabi/lib/thumb/v7e-m+fp/hard/libc_nano.a(libc_a-signal.o)
                0x08009ad4                _raise_r
 .text.raise    0x08009b24       0x10 /opt/st/stm32cubeide_1.19.0/plugins/com.st.stm32cube.ide.mcu.externaltools.gnu-tools-for-stm32.13.3.rel1.linux64_1.0.0.202410170706/tools/bin/../lib/gcc/arm-none-eabi/13.3.1/../../../../arm-none-eabi/lib/thumb/v7e-m+fp/hard/libc_nano.a(libc_a-signal.o)
                0x08009b24                raise
 .text._kill_r  0x08009b34       0x24 /opt/st/stm32cubeide_1.19.0/plugins/com.st.stm32cube.ide.mcu.externaltools.gnu-tools-for-stm32.13.3.rel1.linux64_1.0.0.202410170706/tools/bin/../lib/gcc/arm-none-eabi/13.3.1/../../../../arm-none-eabi/lib/thumb/v7e-m+fp/hard/libc_nano.a(libc_a-signalr.o)
                0x08009b34                _kill_r
 .text._getpid_r
                0x08009b58        0x4 /opt/st/stm32cubeide_1.19.0/plugins/com.st.stm32cube.ide.mcu.externaltools.gnu-tools-for-stm32.13.3.rel1.linux64_1.0.0.202410170706/tools/bin/../lib/gcc/arm-none-eabi/13.3.1/../../../../arm-none-eabi/lib/thumb/v7e-m+fp/hard/libc_nano.a(libc_a-signalr.o)
                0x08009b58                _getpid_r
 .text.__swhatbuf_r
                0x08009b5c       0x4c /opt/st/stm32cubeide_1.19.0/plugins/com.st.stm32cube.ide.mcu.externaltools.gnu-tools-for-stm32.13.3.rel1.linux64_1.0.0.202410170706/tools/bin/../lib/gcc/arm-none-eabi/13.3.1/../../../../arm-none-eabi/lib/thumb/v7e-m+fp/hard/libc_nano.a(libc_a-makebuf.o)
                0x08009b5c                __swhatbuf_r
 .text.__smakebuf_r
                0x08009ba8       0x78 /opt/st/stm32cubeide_1.19.0/plugins/com.st.stm32cube.ide.mcu.externaltools.gnu-tools-for-stm32.13.3.rel1.linux64_1.0.0.202410170706/tools/bin/../lib/gcc/arm-none-eabi/13.3.1/../../../../arm-none-eabi/lib/thumb/v7e-m+fp/hard/libc_nano.a(libc_a-makebuf.o)
                0x08009ba8                __smakebuf_r
 .text._fstat_r
                0x08009c20       0x24 /opt/st/stm32cubeide_1.19.0/plugins/com.st.stm32cube.ide.mcu.externaltools.gnu-tools-for-stm32.13.3.rel1.linux64_1.0.0.202410170706/tools/bin/../lib/gcc/arm-none-eabi/13.3.1/../../../../arm-none-eabi/lib/thumb/v7e-m+fp/hard/libc_nano.a(libc_a-fstatr.o)
                0x08009c20                _fstat_r
 .text._isatty_r
                0x08009c44       0x20 /opt/st/stm32cubeide_1.19.0/plugins/com.st.stm32cube.ide.mcu.externaltools.gnu-tools-for-stm32.13.3.rel1.linux64_1.0.0.202410170706/tools/bin/../lib/gcc/arm-none-eabi/13.3.1/../../../../arm-none-eabi/lib/thumb/v7e-m+fp/hard/libc_nano.a(libc_a-isattyr.o)
                0x08009c44                _isatty_r
 .text.expf     0x08009c64       0x6c /opt/st/stm32cubeide_1.19.0/plugins/com.st.stm32cube.ide.mcu.externaltools.gnu-tools-for-stm32.13.3.rel1.linux64_1.0.0.202410170706/tools/bin/../lib/gcc/arm-none-eabi/13.3.1/../../../../arm-none-eabi/lib/thumb/v7e-m+fp/hard/libm.a(libm_a-wf_exp.o)
                0x08009c64                expf
 .text.fmodf    0x08009cd0       0x40 /opt/st/stm32cubeide_1.19.0/plugins/com.st.stm32cube.ide.mcu.externaltools.gnu-tools-for-stm32.13.3.rel1.linux64_1.0.0.202410170706/tools/bin/../lib/gcc/arm-none-eabi/13.3.1/../../../../arm-none-eabi/lib/thumb/v7e-m+fp/hard/libm.a(libm_a-wf_fmod.o)
                0x08009cd0                fmodf
 .text.cosf     0x08009d10       0x88 /opt/st/stm32cubeide_1.19.0/plugins/com.st.stm32cube.ide.mcu.externaltools.gnu-tools-for-stm32.13.3.rel1.linux64_1.0.0.202410170706/tools/bin/../lib/gcc/arm-none-eabi/13.3.1/../../../../arm-none-eabi/lib/thumb/v7e-m+fp/hard/libm.a(libm_a-sf_cos.o)
                0x08009d10                cosf
 .text.sinf     0x08009d98       0x8c /opt/st/stm32cubeide_1.19.0/plugins/com.st.stm32cube.ide.mcu.externaltools.gnu-tools-for-stm32.13.3.rel1.linux64_1.0.0.202410170706/tools/bin/../lib/gcc/arm-none-eabi/13.3.1/../../../../arm-none-eabi/lib/thumb/v7e-m+fp/hard/libm.a(libm_a-sf_sin.o)
                0x08009d98                sinf
 .text.finitef  0x08009e24       0x14 /opt/st/stm32cubeide_1.19.0/plugins/com.st.stm32cube.ide.mcu.externaltools.gnu-tools-for-stm32.13.3.rel1.linux64_1.0.0.202410170706/tools/bin/../lib/gcc/arm-none-eabi/13.3.1/../../../../arm-none-eabi/lib/thumb/v7e-m+fp/hard/libm.a(libm_a-sf_finite.o)
                0x08009e24                finitef
 .text.__kernel_cosf
                0x08009e38       0xb0 /opt/st/stm32cubeide_1.19.0/plugins/com.st.stm32cube.ide.mcu.externaltools.gnu-tools-for-stm32.13.3.rel1.linux64_1.0.0.202410170706/tools/bin/../lib/gcc/arm-none-eabi/13.3.1/../../../../arm-none-eabi/lib/thumb/v7e-m+fp/hard/libm.a(libm_a-kf_cos.o)
                0x08009e38                __kernel_cosf
 .text.__kernel_sinf
                0x08009ee8       0x90 /opt/st/stm32cubeide_1.19.0/plugins/com.st.stm32cube.ide.mcu.externaltools.gnu-tools-for-stm32.13.3.rel1.linux64_1.0.0.202410170706/tools/bin/../lib/gcc/arm-none-eabi/13.3.1/../../../../arm-none-eabi/lib/thumb/v7e-m+fp/hard/libm.a(libm_a-kf_sin.o)
                0x08009ee8                __kernel_sinf
 .text.__ieee754_expf
                0x08009f78      0x19c /opt/st/stm32cubeide_1.19.0/plugins/com.st.stm32cube.ide.mcu.externaltools.gnu-tools-for-stm32.13.3.rel1.linux64_1.0.0.202410170706/tools/bin/../lib/gcc/arm-none-eabi/13.3.1/../../../../arm-none-eabi/lib/thumb/v7e-m+fp/hard/libm.a(libm_a-ef_exp.o)
                0x08009f78                __ieee754_expf
 .text.__ieee754_fmodf
                0x0800a114      0x104 /opt/st/stm32cubeide_1.19.0/plugins/com.st.stm32cube.ide.mcu.externaltools.gnu-tools-for-stm32.13.3.rel1.linux64_1.0.0.202410170706/tools/bin/../lib/gcc/arm-none-eabi/13.3.1/../../../../arm-none-eabi/lib/thumb/v7e-m+fp/hard/libm.a(libm_a-ef_fmod.o)
                0x0800a114                __ieee754_fmodf
 .text.__ieee754_rem_pio2f
                0x0800a218      0x260 /opt/st/stm32cubeide_1.19.0/plugins/com.st.stm32cube.ide.mcu.externaltools.gnu-tools-for-stm32.13.3.rel1.linux64_1.0.0.202410170706/tools/bin/../lib/gcc/arm-none-eabi/13.3.1/../../../../arm-none-eabi/lib/thumb/v7e-m+fp/hard/libm.a(libm_a-ef_rem_pio2.o)
                0x0800a218                __ieee754_rem_pio2f
 .text.fabsf    0x0800a478        0xe /opt/st/stm32cubeide_1.19.0/plugins/com.st.stm32cube.ide.mcu.externaltools.gnu-tools-for-stm32.13.3.rel1.linux64_1.0.0.202410170706/tools/bin/../lib/gcc/arm-none-eabi/13.3.1/../../../../arm-none-eabi/lib/thumb/v7e-m+fp/hard/libm.a(libm_a-sf_fabs.o)
                0x0800a478                fabsf
 .text.with_errnof
                0x0800a486       0x1c /opt/st/stm32cubeide_1.19.0/plugins/com.st.stm32cube.ide.mcu.externaltools.gnu-tools-for-stm32.13.3.rel1.linux64_1.0.0.202410170706/tools/bin/../lib/gcc/arm-none-eabi/13.3.1/../../../../arm-none-eabi/lib/thumb/v7e-m+fp/hard/libm.a(libm_a-math_errf.o)
 .text.xflowf   0x0800a4a2       0x16 /opt/st/stm32cubeide_1.19.0/plugins/com.st.stm32cube.ide.mcu.externaltools.gnu-tools-for-stm32.13.3.rel1.linux64_1.0.0.202410170706/tools/bin/../lib/gcc/arm-none-eabi/13.3.1/../../../../arm-none-eabi/lib/thumb/v7e-m+fp/hard/libm.a(libm_a-math_errf.o)
 .text.__math_uflowf
                0x0800a4b8        0xc /opt/st/stm32cubeide_1.19.0/plugins/com.st.stm32cube.ide.mcu.externaltools.gnu-tools-for-stm32.13.3.rel1.linux64_1.0.0.202410170706/tools/bin/../lib/gcc/arm-none-eabi/13.3.1/../../../../arm-none-eabi/lib/thumb/v7e-m+fp/hard/libm.a(libm_a-math_errf.o)
                0x0800a4b8                __math_uflowf
 .text.__math_oflowf
                0x0800a4c4        0xc /opt/st/stm32cubeide_1.19.0/plugins/com.st.stm32cube.ide.mcu.externaltools.gnu-tools-for-stm32.13.3.rel1.linux64_1.0.0.202410170706/tools/bin/../lib/gcc/arm-none-eabi/13.3.1/../../../../arm-none-eabi/lib/thumb/v7e-m+fp/hard/libm.a(libm_a-math_errf.o)
                0x0800a4c4                __math_oflowf
 .text.__kernel_rem_pio2f
                0x0800a4d0      0x4d0 /opt/st/stm32cubeide_1.19.0/plugins/com.st.stm32cube.ide.mcu.externaltools.gnu-tools-for-stm32.13.3.rel1.linux64_1.0.0.202410170706/tools/bin/../lib/gcc/arm-none-eabi/13.3.1/../../../../arm-none-eabi/lib/thumb/v7e-m+fp/hard/libm.a(libm_a-kf_rem_pio2.o)
                0x0800a4d0                __kernel_rem_pio2f
 .text.scalbnf  0x0800a9a0       0xcc /opt/st/stm32cubeide_1.19.0/plugins/com.st.stm32cube.ide.mcu.externaltools.gnu-tools-for-stm32.13.3.rel1.linux64_1.0.0.202410170706/tools/bin/../lib/gcc/arm-none-eabi/13.3.1/../../../../arm-none-eabi/lib/thumb/v7e-m+fp/hard/libm.a(libm_a-sf_scalbn.o)
                0x0800a9a0                scalbnf
 .text.floorf   0x0800aa6c       0x88 /opt/st/stm32cubeide_1.19.0/plugins/com.st.stm32cube.ide.mcu.externaltools.gnu-tools-for-stm32.13.3.rel1.linux64_1.0.0.202410170706/tools/bin/../lib/gcc/arm-none-eabi/13.3.1/../../../../arm-none-eabi/lib/thumb/v7e-m+fp/hard/libm.a(libm_a-sf_floor.o)
                0x0800aa6c                floorf
 *(.glue_7)
 .glue_7        0x0800aaf4        0x0 linker stubs
 *(.glue_7t)
 .glue_7t       0x0800aaf4        0x0 linker stubs
 *(.eh_frame)
 .eh_frame      0x0800aaf4        0x0 /opt/st/stm32cubeide_1.19.0/plugins/com.st.stm32cube.ide.mcu.externaltools.gnu-tools-for-stm32.13.3.rel1.linux64_1.0.0.202410170706/tools/bin/../lib/gcc/arm-none-eabi/13.3.1/thumb/v7e-m+fp/hard/crtbegin.o
 *(.init)
 .init          0x0800aaf4        0x4 /opt/st/stm32cubeide_1.19.0/plugins/com.st.stm32cube.ide.mcu.externaltools.gnu-tools-for-stm32.13.3.rel1.linux64_1.0.0.202410170706/tools/bin/../lib/gcc/arm-none-eabi/13.3.1/thumb/v7e-m+fp/hard/crti.o
                0x0800aaf4                _init
 .init          0x0800aaf8        0x8 /opt/st/stm32cubeide_1.19.0/plugins/com.st.stm32cube.ide.mcu.externaltools.gnu-tools-for-stm32.13.3.rel1.linux64_1.0.0.202410170706/tools/bin/../lib/gcc/arm-none-eabi/13.3.1/thumb/v7e-m+fp/hard/crtn.o
 *(.fini)
 .fini          0x0800ab00        0x4 /opt/st/stm32cubeide_1.19.0/plugins/com.st.stm32cube.ide.mcu.externaltools.gnu-tools-for-stm32.13.3.rel1.linux64_1.0.0.202410170706/tools/bin/../lib/gcc/arm-none-eabi/13.3.1/thumb/v7e-m+fp/hard/crti.o
                0x0800ab00                _fini
 .fini          0x0800ab04        0x8 /opt/st/stm32cubeide_1.19.0/plugins/com.st.stm32cube.ide.mcu.externaltools.gnu-tools-for-stm32.13.3.rel1.linux64_1.0.0.202410170706/tools/bin/../lib/gcc/arm-none-eabi/13.3.1/thumb/v7e-m+fp/hard/crtn.o
                0x0800ab0c                        . = ALIGN (0x4)
                0x0800ab0c                        _etext = .

.vfp11_veneer   0x0800ab0c        0x0
 .vfp11_veneer  0x0800ab0c        0x0 linker stubs

.v4_bx          0x0800ab0c        0x0
 .v4_bx         0x0800ab0c        0x0 linker stubs

.iplt           0x0800ab0c        0x0
 .iplt          0x0800ab0c        0x0 /opt/st/stm32cubeide_1.19.0/plugins/com.st.stm32cube.ide.mcu.externaltools.gnu-tools-for-stm32.13.3.rel1.linux64_1.0.0.202410170706/tools/bin/../lib/gcc/arm-none-eabi/13.3.1/thumb/v7e-m+fp/hard/crtbegin.o

.rodata         0x0800ab0c      0x57c
                0x0800ab0c                        . = ALIGN (0x4)
 *(.rodata)
 .rodata        0x0800ab0c       0x28 ./Core/Src/main.o
 .rodata        0x0800ab34        0x5 ./Middlewares/Third_Party/FreeRTOS/Source/tasks.o
 *fill*         0x0800ab39        0x3 
 .rodata        0x0800ab3c        0xd ./USB_DEVICE/App/usbd_custom_bulk_if.o
 *fill*         0x0800ab49        0x3 
 .rodata        0x0800ab4c       0x5a ./USB_DEVICE/App/usbd_desc.o
 *(.rodata*)
 *fill*         0x0800aba6        0x2 
 .rodata.AHBPrescTable
                0x0800aba8       0x10 ./Core/Src/system_stm32f4xx.o
                0x0800aba8                AHBPrescTable
 .rodata.srand.str1.1
                0x0800abb8       0xde /opt/st/stm32cubeide_1.19.0/plugins/com.st.stm32cube.ide.mcu.externaltools.gnu-tools-for-stm32.13.3.rel1.linux64_1.0.0.202410170706/tools/bin/../lib/gcc/arm-none-eabi/13.3.1/../../../../arm-none-eabi/lib/thumb/v7e-m+fp/hard/libc_nano.a(libc_a-rand.o)
                                 0x6f (size before relaxing)
 .rodata.__assert_func.str1.1
                0x0800ac96       0x3d /opt/st/stm32cubeide_1.19.0/plugins/com.st.stm32cube.ide.mcu.externaltools.gnu-tools-for-stm32.13.3.rel1.linux64_1.0.0.202410170706/tools/bin/../lib/gcc/arm-none-eabi/13.3.1/../../../../arm-none-eabi/lib/thumb/v7e-m+fp/hard/libc_nano.a(libc_a-assert.o)
 .rodata._vfprintf_r.str1.1
                0x0800ac96       0x11 /opt/st/stm32cubeide_1.19.0/plugins/com.st.stm32cube.ide.mcu.externaltools.gnu-tools-for-stm32.13.3.rel1.linux64_1.0.0.202410170706/tools/bin/../lib/gcc/arm-none-eabi/13.3.1/../../../../arm-none-eabi/lib/thumb/v7e-m+fp/hard/libc_nano.a(libc_a-nano-vfprintf.o)
 .rodata._printf_i.str1.1
                0x0800ac96       0x22 /opt/st/stm32cubeide_1.19.0/plugins/com.st.stm32cube.ide.mcu.externaltools.gnu-tools-for-stm32.13.3.rel1.linux64_1.0.0.202410170706/tools/bin/../lib/gcc/arm-none-eabi/13.3.1/../../../../arm-none-eabi/lib/thumb/v7e-m+fp/hard/libc_nano.a(libc_a-nano-vfprintf_i.o)
 *fill*         0x0800ac96        0x2 
 .rodata.ln2LO  0x0800ac98        0x8 /opt/st/stm32cubeide_1.19.0/plugins/com.st.stm32cube.ide.mcu.externaltools.gnu-tools-for-stm32.13.3.rel1.linux64_1.0.0.202410170706/tools/bin/../lib/gcc/arm-none-eabi/13.3.1/../../../../arm-none-eabi/lib/thumb/v7e-m+fp/hard/libm.a(libm_a-ef_exp.o)
 .rodata.ln2HI  0x0800aca0        0x8 /opt/st/stm32cubeide_1.19.0/plugins/com.st.stm32cube.ide.mcu.externaltools.gnu-tools-for-stm32.13.3.rel1.linux64_1.0.0.202410170706/tools/bin/../lib/gcc/arm-none-eabi/13.3.1/../../../../arm-none-eabi/lib/thumb/v7e-m+fp/hard/libm.a(libm_a-ef_exp.o)
 .rodata.halF   0x0800aca8        0x8 /opt/st/stm32cubeide_1.19.0/plugins/com.st.stm32cube.ide.mcu.externaltools.gnu-tools-for-stm32.13.3.rel1.linux64_1.0.0.202410170706/tools/bin/../lib/gcc/arm-none-eabi/13.3.1/../../../../arm-none-eabi/lib/thumb/v7e-m+fp/hard/libm.a(libm_a-ef_exp.o)
 .rodata.Zero   0x0800acb0        0x8 /opt/st/stm32cubeide_1.19.0/plugins/com.st.stm32cube.ide.mcu.externaltools.gnu-tools-for-stm32.13.3.rel1.linux64_1.0.0.202410170706/tools/bin/../lib/gcc/arm-none-eabi/13.3.1/../../../../arm-none-eabi/lib/thumb/v7e-m+fp/hard/libm.a(libm_a-ef_fmod.o)
 .rodata.npio2_hw
                0x0800acb8       0x80 /opt/st/stm32cubeide_1.19.0/plugins/com.st.stm32cube.ide.mcu.externaltools.gnu-tools-for-stm32.13.3.rel1.linux64_1.0.0.202410170706/tools/bin/../lib/gcc/arm-none-eabi/13.3.1/../../../../arm-none-eabi/lib/thumb/v7e-m+fp/hard/libm.a(libm_a-ef_rem_pio2.o)
 .rodata.two_over_pi
                0x0800ad38      0x318 /opt/st/stm32cubeide_1.19.0/plugins/com.st.stm32cube.ide.mcu.externaltools.gnu-tools-for-stm32.13.3.rel1.linux64_1.0.0.202410170706/tools/bin/../lib/gcc/arm-none-eabi/13.3.1/../../../../arm-none-eabi/lib/thumb/v7e-m+fp/hard/libm.a(libm_a-ef_rem_pio2.o)
 .rodata.PIo2   0x0800b050       0x2c /opt/st/stm32cubeide_1.19.0/plugins/com.st.stm32cube.ide.mcu.externaltools.gnu-tools-for-stm32.13.3.rel1.linux64_1.0.0.202410170706/tools/bin/../lib/gcc/arm-none-eabi/13.3.1/../../../../arm-none-eabi/lib/thumb/v7e-m+fp/hard/libm.a(libm_a-kf_rem_pio2.o)
 .rodata.init_jk
                0x0800b07c        0xc /opt/st/stm32cubeide_1.19.0/plugins/com.st.stm32cube.ide.mcu.externaltools.gnu-tools-for-stm32.13.3.rel1.linux64_1.0.0.202410170706/tools/bin/../lib/gcc/arm-none-eabi/13.3.1/../../../../arm-none-eabi/lib/thumb/v7e-m+fp/hard/libm.a(libm_a-kf_rem_pio2.o)
                0x0800b088                        . = ALIGN (0x4)

.ARM.extab      0x0800b088        0x0
                0x0800b088                        . = ALIGN (0x4)
 *(.ARM.extab* .gnu.linkonce.armextab.*)
                0x0800b088                        . = ALIGN (0x4)

.ARM            0x0800b088        0x8
                0x0800b088                        . = ALIGN (0x4)
                0x0800b088                        __exidx_start = .
 *(.ARM.exidx*)
 .ARM.exidx     0x0800b088        0x8 /opt/st/stm32cubeide_1.19.0/plugins/com.st.stm32cube.ide.mcu.externaltools.gnu-tools-for-stm32.13.3.rel1.linux64_1.0.0.202410170706/tools/bin/../lib/gcc/arm-none-eabi/13.3.1/../../../../arm-none-eabi/lib/thumb/v7e-m+fp/hard/libc_nano.a(libc_a-memchr.o)
 .ARM.exidx     0x0800b090        0x0 /opt/st/stm32cubeide_1.19.0/plugins/com.st.stm32cube.ide.mcu.externaltools.gnu-tools-for-stm32.13.3.rel1.linux64_1.0.0.202410170706/tools/bin/../lib/gcc/arm-none-eabi/13.3.1/thumb/v7e-m+fp/hard/libgcc.a(_udivmoddi4.o)
                                  0x8 (size before relaxing)
                0x0800b090                        __exidx_end = .
                0x0800b090                        . = ALIGN (0x4)

.preinit_array  0x0800b090        0x0
                0x0800b090                        . = ALIGN (0x4)
                0x0800b090                        PROVIDE (__preinit_array_start = .)
 *(.preinit_array*)
                0x0800b090                        PROVIDE (__preinit_array_end = .)
                0x0800b090                        . = ALIGN (0x4)

.init_array     0x0800b090        0x4
                0x0800b090                        . = ALIGN (0x4)
                0x0800b090                        PROVIDE (__init_array_start = .)
 *(SORT_BY_NAME(.init_array.*))
 *(.init_array*)
 .init_array    0x0800b090        0x4 /opt/st/stm32cubeide_1.19.0/plugins/com.st.stm32cube.ide.mcu.externaltools.gnu-tools-for-stm32.13.3.rel1.linux64_1.0.0.202410170706/tools/bin/../lib/gcc/arm-none-eabi/13.3.1/thumb/v7e-m+fp/hard/crtbegin.o
                0x0800b094                        PROVIDE (__init_array_end = .)
                0x0800b094                        . = ALIGN (0x4)

.fini_array     0x0800b094        0x4
                0x0800b094                        . = ALIGN (0x4)
                [!provide]                        PROVIDE (__fini_array_start = .)
 *(SORT_BY_NAME(.fini_array.*))
 *(.fini_array*)
 .fini_array    0x0800b094        0x4 /opt/st/stm32cubeide_1.19.0/plugins/com.st.stm32cube.ide.mcu.externaltools.gnu-tools-for-stm32.13.3.rel1.linux64_1.0.0.202410170706/tools/bin/../lib/gcc/arm-none-eabi/13.3.1/thumb/v7e-m+fp/hard/crtbegin.o
                [!provide]                        PROVIDE (__fini_array_end = .)
                0x0800b098                        . = ALIGN (0x4)
                0x0800b098                        _sidata = LOADADDR (.data)

.rel.dyn        0x0800b098        0x0
 .rel.iplt      0x0800b098        0x0 /opt/st/stm32cubeide_1.19.0/plugins/com.st.stm32cube.ide.mcu.externaltools.gnu-tools-for-stm32.13.3.rel1.linux64_1.0.0.202410170706/tools/bin/../lib/gcc/arm-none-eabi/13.3.1/thumb/v7e-m+fp/hard/crtbegin.o

.data           0x20000000      0x1ec load address 0x0800b098
                0x20000000                        . = ALIGN (0x4)
                0x20000000                        _sdata = .
 *(.data)
 *(.data*)
 .data.SystemCoreClock
                0x20000000        0x4 ./Core/Src/system_stm32f4xx.o
                0x20000000                SystemCoreClock
 .data.uwTickPrio
                0x20000004        0x4 ./Drivers/STM32F4xx_HAL_Driver/Src/stm32f4xx_hal.o
                0x20000004                uwTickPrio
 .data.uwTickFreq
                0x20000008        0x1 ./Drivers/STM32F4xx_HAL_Driver/Src/stm32f4xx_hal.o
                0x20000008                uwTickFreq
 *fill*         0x20000009        0x3 
 .data.uxCriticalNesting
                0x2000000c        0x4 ./Middlewares/Third_Party/FreeRTOS/Source/portable/GCC/ARM_CM4F/port.o
 .data.USBD_CUSTOM_BULK
                0x20000010       0x38 ./USB_DEVICE/App/usbd_custom_bulk.o
                0x20000010                USBD_CUSTOM_BULK
 .data.USBD_CUSTOM_BULK_CfgDesc
                0x20000048       0x29 ./USB_DEVICE/App/usbd_custom_bulk.o
 *fill*         0x20000071        0x3 
 .data.USBD_CUSTOM_BULK_Desc
                0x20000074        0x9 ./USB_DEVICE/App/usbd_custom_bulk.o
 *fill*         0x2000007d        0x3 
 .data.USBD_CUSTOM_BULK_DeviceQualifierDesc
                0x20000080        0xa ./USB_DEVICE/App/usbd_custom_bulk.o
 .data.CUSTOMHIDInEpAdd
                0x2000008a        0x1 ./USB_DEVICE/App/usbd_custom_bulk.o
 .data.CUSTOMHIDOutEpAdd
                0x2000008b        0x1 ./USB_DEVICE/App/usbd_custom_bulk.o
 .data.CUSTOM_BULK_ReportDesc_FS
                0x2000008c       0xa3 ./USB_DEVICE/App/usbd_custom_bulk_if.o
 *fill*         0x2000012f        0x1 
 .data.USBD_CustomBULK_fops_FS
                0x20000130       0x10 ./USB_DEVICE/App/usbd_custom_bulk_if.o
                0x20000130                USBD_CustomBULK_fops_FS
 .data.FS_Desc  0x20000140       0x1c ./USB_DEVICE/App/usbd_desc.o
                0x20000140                FS_Desc
 .data.USBD_FS_DeviceDesc
                0x2000015c       0x12 ./USB_DEVICE/App/usbd_desc.o
                0x2000015c                USBD_FS_DeviceDesc
 *fill*         0x2000016e        0x2 
 .data.USBD_LangIDDesc
                0x20000170        0x4 ./USB_DEVICE/App/usbd_desc.o
                0x20000170                USBD_LangIDDesc
 .data.USBD_StringSerial
                0x20000174       0x1a ./USB_DEVICE/App/usbd_desc.o
                0x20000174                USBD_StringSerial
 *fill*         0x2000018e        0x2 
 .data.__sglue  0x20000190        0xc /opt/st/stm32cubeide_1.19.0/plugins/com.st.stm32cube.ide.mcu.externaltools.gnu-tools-for-stm32.13.3.rel1.linux64_1.0.0.202410170706/tools/bin/../lib/gcc/arm-none-eabi/13.3.1/../../../../arm-none-eabi/lib/thumb/v7e-m+fp/hard/libc_nano.a(libc_a-findfp.o)
                0x20000190                __sglue
 .data._impure_ptr
                0x2000019c        0x4 /opt/st/stm32cubeide_1.19.0/plugins/com.st.stm32cube.ide.mcu.externaltools.gnu-tools-for-stm32.13.3.rel1.linux64_1.0.0.202410170706/tools/bin/../lib/gcc/arm-none-eabi/13.3.1/../../../../arm-none-eabi/lib/thumb/v7e-m+fp/hard/libc_nano.a(libc_a-impure.o)
                0x2000019c                _impure_ptr
 .data._impure_data
                0x200001a0       0x4c /opt/st/stm32cubeide_1.19.0/plugins/com.st.stm32cube.ide.mcu.externaltools.gnu-tools-for-stm32.13.3.rel1.linux64_1.0.0.202410170706/tools/bin/../lib/gcc/arm-none-eabi/13.3.1/../../../../arm-none-eabi/lib/thumb/v7e-m+fp/hard/libc_nano.a(libc_a-impure.o)
                0x200001a0                _impure_data
 *(.RamFunc)
 *(.RamFunc*)
                0x200001ec                        . = ALIGN (0x4)
                0x200001ec                        _edata = .

.igot.plt       0x200001ec        0x0 load address 0x0800b284
 .igot.plt      0x200001ec        0x0 /opt/st/stm32cubeide_1.19.0/plugins/com.st.stm32cube.ide.mcu.externaltools.gnu-tools-for-stm32.13.3.rel1.linux64_1.0.0.202410170706/tools/bin/../lib/gcc/arm-none-eabi/13.3.1/thumb/v7e-m+fp/hard/crtbegin.o
                0x200001ec                        . = ALIGN (0x4)

.bss            0x200001ec     0x4b44 load address 0x0800b284
                0x200001ec                        _sbss = .
                0x200001ec                        __bss_start__ = _sbss
 *(.bss)
 .bss           0x200001ec       0x1c /opt/st/stm32cubeide_1.19.0/plugins/com.st.stm32cube.ide.mcu.externaltools.gnu-tools-for-stm32.13.3.rel1.linux64_1.0.0.202410170706/tools/bin/../lib/gcc/arm-none-eabi/13.3.1/thumb/v7e-m+fp/hard/crtbegin.o
 *(.bss*)
 .bss.xIdleTaskTCBBuffer
                0x20000208       0x54 ./Core/Src/freertos.o
 .bss.xIdleStack
                0x2000025c      0x200 ./Core/Src/freertos.o
 .bss.streamTaskHandle
                0x2000045c        0x4 ./Core/Src/main.o
                0x2000045c                streamTaskHandle
 .bss.phase.1   0x20000460        0x4 ./Core/Src/main.o
 .bss.sample_index.0
                0x20000464        0x2 ./Core/Src/main.o
 *fill*         0x20000466        0x2 
 .bss.__sbrk_heap_end
                0x20000468        0x4 ./Core/Src/sysmem.o
 .bss.uwTick    0x2000046c        0x4 ./Drivers/STM32F4xx_HAL_Driver/Src/stm32f4xx_hal.o
                0x2000046c                uwTick
 .bss.cfgidx.0  0x20000470        0x1 ./Middlewares/ST/STM32_USB_Device_Library/Core/Src/usbd_ctlreq.o
 *fill*         0x20000471        0x3 
 .bss.pxCurrentTCB
                0x20000474        0x4 ./Middlewares/Third_Party/FreeRTOS/Source/tasks.o
                0x20000474                pxCurrentTCB
 .bss.pxReadyTasksLists
                0x20000478       0x8c ./Middlewares/Third_Party/FreeRTOS/Source/tasks.o
 .bss.xDelayedTaskList1
                0x20000504       0x14 ./Middlewares/Third_Party/FreeRTOS/Source/tasks.o
 .bss.xDelayedTaskList2
                0x20000518       0x14 ./Middlewares/Third_Party/FreeRTOS/Source/tasks.o
 .bss.pxDelayedTaskList
                0x2000052c        0x4 ./Middlewares/Third_Party/FreeRTOS/Source/tasks.o
 .bss.pxOverflowDelayedTaskList
                0x20000530        0x4 ./Middlewares/Third_Party/FreeRTOS/Source/tasks.o
 .bss.xPendingReadyList
                0x20000534       0x14 ./Middlewares/Third_Party/FreeRTOS/Source/tasks.o
 .bss.xTasksWaitingTermination
                0x20000548       0x14 ./Middlewares/Third_Party/FreeRTOS/Source/tasks.o
 .bss.uxDeletedTasksWaitingCleanUp
                0x2000055c        0x4 ./Middlewares/Third_Party/FreeRTOS/Source/tasks.o
 .bss.xSuspendedTaskList
                0x20000560       0x14 ./Middlewares/Third_Party/FreeRTOS/Source/tasks.o
 .bss.uxCurrentNumberOfTasks
                0x20000574        0x4 ./Middlewares/Third_Party/FreeRTOS/Source/tasks.o
 .bss.xTickCount
                0x20000578        0x4 ./Middlewares/Third_Party/FreeRTOS/Source/tasks.o
 .bss.uxTopReadyPriority
                0x2000057c        0x4 ./Middlewares/Third_Party/FreeRTOS/Source/tasks.o
 .bss.xSchedulerRunning
                0x20000580        0x4 ./Middlewares/Third_Party/FreeRTOS/Source/tasks.o
 .bss.xPendedTicks
                0x20000584        0x4 ./Middlewares/Third_Party/FreeRTOS/Source/tasks.o
 .bss.xYieldPending
                0x20000588        0x4 ./Middlewares/Third_Party/FreeRTOS/Source/tasks.o
 .bss.xNumOfOverflows
                0x2000058c        0x4 ./Middlewares/Third_Party/FreeRTOS/Source/tasks.o
 .bss.uxTaskNumber
                0x20000590        0x4 ./Middlewares/Third_Party/FreeRTOS/Source/tasks.o
 .bss.xNextTaskUnblockTime
                0x20000594        0x4 ./Middlewares/Third_Party/FreeRTOS/Source/tasks.o
 .bss.xIdleTaskHandle
                0x20000598        0x4 ./Middlewares/Third_Party/FreeRTOS/Source/tasks.o
 .bss.uxSchedulerSuspended
                0x2000059c        0x4 ./Middlewares/Third_Party/FreeRTOS/Source/tasks.o
 .bss.ucMaxSysCallPriority
                0x200005a0        0x1 ./Middlewares/Third_Party/FreeRTOS/Source/portable/GCC/ARM_CM4F/port.o
 *fill*         0x200005a1        0x3 
 .bss.ulMaxPRIGROUPValue
                0x200005a4        0x4 ./Middlewares/Third_Party/FreeRTOS/Source/portable/GCC/ARM_CM4F/port.o
 .bss.ucHeap    0x200005a8     0x3c00 ./Middlewares/Third_Party/FreeRTOS/Source/portable/MemMang/heap_4.o
 .bss.xStart    0x200041a8        0x8 ./Middlewares/Third_Party/FreeRTOS/Source/portable/MemMang/heap_4.o
 .bss.pxEnd     0x200041b0        0x4 ./Middlewares/Third_Party/FreeRTOS/Source/portable/MemMang/heap_4.o
 .bss.xFreeBytesRemaining
                0x200041b4        0x4 ./Middlewares/Third_Party/FreeRTOS/Source/portable/MemMang/heap_4.o
 .bss.xMinimumEverFreeBytesRemaining