../USB_DEVICE/App/usbd_custom_bulk.c:22:20:USBD_CUSTOM_BULK_SendData	24	static
../USB_DEVICE/App/usbd_custom_bulk.c:180:16:USBD_CUSTOM_BULK_Init	24	static
../USB_DEVICE/App/usbd_custom_bulk.c:247:16:USBD_CUSTOM_BULK_DeInit	16	static
../USB_DEVICE/App/usbd_custom_bulk.c:286:16:USBD_CUSTOM_BULK_Setup	40	static
../USB_DEVICE/App/usbd_custom_bulk.c:491:9:USBD_CUSTOM_BULK_SendReport	32	static
../USB_DEVICE/App/usbd_custom_bulk.c:529:17:USBD_CUSTOM_BULK_GetFSCfgDesc	24	static
../USB_DEVICE/App/usbd_custom_bulk.c:557:17:USBD_CUSTOM_BULK_GetHSCfgDesc	24	static
../USB_DEVICE/App/usbd_custom_bulk.c:585:17:USBD_CUSTOM_BULK_GetOtherSpeedCfgDesc	24	static
../USB_DEVICE/App/usbd_custom_bulk.c:614:16:USBD_CUSTOM_BULK_DataIn	16	static
../USB_DEVICE/App/usbd_custom_bulk.c:632:16:USBD_CUSTOM_BULK_DataOut	24	static
../USB_DEVICE/App/usbd_custom_bulk.c:664:9:USBD_CUSTOM_BULK_ReceivePacket	24	static
../USB_DEVICE/App/usbd_custom_bulk.c:693:16:USBD_CUSTOM_BULK_EP0_RxReady	24	static
../USB_DEVICE/App/usbd_custom_bulk.c:723:17:USBD_CUSTOM_BULK_GetDeviceQualifierDesc	16	static
../USB_DEVICE/App/usbd_custom_bulk.c:736:9:USBD_CUSTOM_BULK_RegisterInterface	16	static
